ca65 V2.13.3 - (C) Copyright 1998-2012 Ullrich von Bassewitz
Main file   : nsd_func.s
Current file: nsd_func.s

000000r 1               
000000r 1               	.setcpu		"6502"
000000r 1               
000000r 1               	.export		_nsd_init
000000r 1               	.export		_nsd_play_bgm
000000r 1               	.export		_nsd_stop_bgm
000000r 1               ;	.export		_nsd_play_se
000000r 1               	.export		_nsd_stop_se
000000r 1               
000000r 1               	.import		_nsd_snd_init
000000r 1               	.import		nsd_work
000000r 1               	.importzp	nsd_work_zp
000000r 1               
000000r 1               	.include	"nes.inc"
000000r 2               ;
000000r 2               ; NES definitions. By Groepaz/Hitmem.
000000r 2               ;
000000r 2               
000000r 2               
000000r 2               ;; FIXME: optimize zeropage usage
000000r 2               
000000r 2               SCREEN_PTR	= $62           ;2
000000r 2               CRAM_PTR        = $64           ;2
000000r 2               CHARCOLOR	= $66
000000r 2               BGCOLOR		= $67
000000r 2               RVS		= $68
000000r 2               CURS_X		= $69
000000r 2               CURS_Y		= $6a
000000r 2               
000000r 2               tickcount       = $6b           ;2
000000r 2               
000000r 2               VBLANK_FLAG	= $70
000000r 2               
000000r 2               ringbuff        = $0200
000000r 2               ringwrite       = $71
000000r 2               ringread        = $72
000000r 2               ringcount       = $73
000000r 2               
000000r 2               ppuhi           = $74
000000r 2               ppulo           = $75
000000r 2               ppuval          = $76
000000r 2               
000000r 2               screenrows 	= (30-1)
000000r 2               charsperline    = 32
000000r 2               xsize           = charsperline
000000r 2               
000000r 2               ;; PPU defines
000000r 2               
000000r 2               PPU_CTRL1      	= $2000
000000r 2               PPU_CTRL2	= $2001
000000r 2               PPU_STATUS	= $2002
000000r 2               PPU_SPR_ADDR	= $2003
000000r 2               PPU_SPR_IO  	= $2004
000000r 2               PPU_VRAM_ADDR1	= $2005
000000r 2               PPU_VRAM_ADDR2	= $2006
000000r 2               PPU_VRAM_IO	= $2007
000000r 2               
000000r 2               ;; APU defines
000000r 2               
000000r 2               APU_PULSE1CTRL  = $4000         ; Pulse #1 Control Register (W)
000000r 2               APU_PULSE1RAMP  = $4001         ; Pulse #1 Ramp Control Register (W)
000000r 2               APU_PULSE1FTUNE = $4002         ; Pulse #1 Fine Tune (FT) Register (W)
000000r 2               APU_PULSE1CTUNE = $4003         ; Pulse #1 Coarse Tune (CT) Register (W)
000000r 2               APU_PULSE2CTRL  = $4004         ; Pulse #2 Control Register (W)
000000r 2               APU_PULSE2RAMP  = $4005         ; Pulse #2 Ramp Control Register (W)
000000r 2               APU_PULSE2FTUNE = $4006         ; Pulse #2 Fine Tune Register (W)
000000r 2               APU_PULSE2STUNE = $4007         ; Pulse #2 Coarse Tune Register (W)
000000r 2               APU_TRICTRL1    = $4008         ; Triangle Control Register #1 (W)
000000r 2               APU_TRICTRL2    = $4009         ; Triangle Control Register #2 (?)
000000r 2               APU_TRIFREQ1    = $400A         ; Triangle Frequency Register #1 (W)
000000r 2               APU_TRIFREQ2    = $400B         ; Triangle Frequency Register #2 (W)
000000r 2               APU_NOISECTRL   = $400C         ; Noise Control Register #1 (W)
000000r 2               ;;APU_ = $400D  ; Unused (???)
000000r 2               APU_NOISEFREQ1  = $400E         ; Noise Frequency Register #1 (W)
000000r 2               APU_NOISEFREQ2  = $400F         ; Noise Frequency Register #2 (W)
000000r 2               APU_MODCTRL     = $4010         ; Delta Modulation Control Register (W)
000000r 2               APU_MODDA       = $4011         ; Delta Modulation D/A Register (W)
000000r 2               APU_MODADDR     = $4012         ; Delta Modulation Address Register (W)
000000r 2               APU_MODLEN      = $4013         ; Delta Modulation Data Length Register (W)
000000r 2               APU_SPR_DMA    	= $4014         ; Sprite DMA Register (W)
000000r 2               APU_CHANCTRL   	= $4015         ; Sound/Vertical Clock Signal Register (R)
000000r 2               APU_PAD1       	= $4016         ; Joypad #1 (RW)
000000r 2               APU_PAD2	= $4017         ; Joypad #2/SOFTCLK (RW)
000000r 2               
000000r 2               
000000r 2               CH_HLINE    	= 11
000000r 2               CH_VLINE    	= 14
000000r 2               CH_ULCORNER 	= 176
000000r 2               CH_URCORNER 	= 174
000000r 2               CH_LLCORNER 	= 173
000000r 2               CH_LRCORNER 	= 189
000000r 2               CH_TTEE	    	= 178
000000r 2               CH_RTEE	    	= 179
000000r 2               CH_BTEE	    	= 177
000000r 2               CH_LTEE	    	= 171
000000r 2               CH_CROSS    	= 123
000000r 2               CH_CURS_UP     	= 145
000000r 2               CH_CURS_DOWN	= 17
000000r 2               CH_CURS_LEFT	= 157
000000r 2               CH_CURS_RIGHT	= 29
000000r 2               CH_PI		= 126
000000r 2               CH_DEL		= 20
000000r 2               CH_INS		= 148
000000r 2               CH_ENTER        = 10
000000r 2               CH_STOP         = 3
000000r 2               CH_ESC          = 27
000000r 2               
000000r 2               
000000r 1               	.include	"nsd.inc"
000000r 2               
000000r 2               .scope	nsd
000000r 2               	BGM_Track	= 5
000000r 2               	SE_Track	= 2
000000r 2               	Track		= BGM_Track + SE_Track
000000r 2               
000000r 2               	TR_BGM1		= 0
000000r 2               	TR_BGM2		= 2
000000r 2               	TR_BGM3		= 4
000000r 2               	TR_BGM4		= 6
000000r 2               	TR_BGM5		= 8
000000r 2               	TR_SE1		= BGM_Track * 2 + 0
000000r 2               	TR_SE2		= BGM_Track * 2 + 2
000000r 2               
000000r 2               .endscope
000000r 2               
000000r 2               ;=======================================================================
000000r 2               ;	Working Struct define in Zero-page area
000000r 2               ;-----------------------------------------------------------------------
000000r 2               .Struct		NSD_Envelop
000000r 2               	V		.byte		;Volume & Voice (ch3:Tempo / ch5:Tempo_ctr)
000000r 2               	F		.byte		;Frequency & Note
000000r 2               .Endstruct
000000r 2               
000000r 2               .Struct		NSD_Length_Cnt
000000r 2               	counter		.byte		;now length of note
000000r 2               	gate		.byte		;length - u
000000r 2               .Endstruct
000000r 2               
000000r 2               .Struct		NSD_work_zp
000000r 2               	_ptr		.word					;00 General pointer value
000000r 2               	_tmp		.word					;02 General value
000000r 2               	flag		.byte					;04 flag
000000r 2               	channel		.byte					;05 channel (y resister)
000000r 2               	Sequence_ptr	.word			nsd::Track	;06 Address of playing sequence
000000r 2               	Length		.tag	NSD_Length_Cnt	nsd::Track	;16 Length Counter
000000r 2               	Envelop		.tag	NSD_Envelop	nsd::Track	;26 Envelop counter
000000r 2               .Endstruct
000000r 2               
000000r 2               ;=======================================================================
000000r 2               ;	Working  Struct define in RAM area
000000r 2               ;-----------------------------------------------------------------------
000000r 2               
000000r 2               .Struct		NSD_Flag
000000r 2               	flag		.byte		;flag
000000r 2               	gatemode	.byte		;gatemode
000000r 2               .Endstruct
000000r 2               
000000r 2               .Struct		NSD_length
000000r 2               	length		.byte		;l command value
000000r 2               	tai		.byte		;Tai & Slur
000000r 2               .Endstruct
000000r 2               
000000r 2               .Struct		NSD_gatetime
000000r 2               	q		.byte		;q command value
000000r 2               	u		.byte		;u command value
000000r 2               .Endstruct
000000r 2               
000000r 2               .Struct		NSD_note
000000r 2               	note		.byte		;note command value (bit 7 = `H' : rest)
000000r 2               	octave		.byte		;o command value
000000r 2               .Endstruct
000000r 2               
000000r 2               .Struct		NSD_Detune
000000r 2               	cent		.byte		;D command value
000000r 2               	fine		.byte		;D% command value
000000r 2               .Endstruct
000000r 2               
000000r 2               .Struct		NSD_Por_Lv
000000r 2               	target		.byte		;target
000000r 2               	inc		.byte		;add value
000000r 2               .Endstruct
000000r 2               
000000r 2               .Struct		NSD_Por_Sp
000000r 2               	decay		.byte		;
000000r 2               	rate		.byte		;rate (speed)
000000r 2               .Endstruct
000000r 2               
000000r 2               .Struct		NSD_Por_Co
000000r 2               	count		.byte		;rate control
000000r 2               	lv		.byte		;now depth
000000r 2               .Endstruct
000000r 2               
000000r 2               .Struct		NSD_Rep_Trans
000000r 2               	count		.byte		;counter of repeat
000000r 2               	trans		.byte		;transpose
000000r 2               .Endstruct
000000r 2               
000000r 2               .Struct		NSD_volume
000000r 2               	volume		.byte		;v command value
000000r 2               	volume_set	.byte		;deveice setting value
000000r 2               .Endstruct
000000r 2               
000000r 2               .Struct		NSD_voice
000000r 2               	voice		.byte		;@ command value
000000r 2               	voice_set	.byte		;deveice setting value
000000r 2               .Endstruct
000000r 2               
000000r 2               .Struct		NSD_Env_V_Ptr
000000r 2               	Volume		.byte					;Volume
000000r 2               	Voice		.byte					;Voice
000000r 2               .Endstruct
000000r 2               
000000r 2               .Struct		NSD_Env_F_Ptr
000000r 2               	Frequency	.byte					;Freeuqncy
000000r 2               	Note		.byte					;Note
000000r 2               .Endstruct
000000r 2               
000000r 2               .Struct		NSD_work
000000r 2               	Flag		.tag	NSD_Flag	nsd::Track	;flag
000000r 2               	Length		.tag	NSD_length	nsd::Track	;note length [tick]
000000r 2               	Gatetime	.tag	NSD_gatetime	nsd::Track	;gate time [tick]
000000r 2               	Note		.tag	NSD_note	nsd::Track	;octave and note command
000000r 2               	Detune		.tag	NSD_Detune	nsd::Track	;detune
000000r 2               	Por_Lv		.tag	NSD_Por_Lv	nsd::Track	;Portamento
000000r 2               	Por_Sp		.tag	NSD_Por_Sp	nsd::Track	;Portamento
000000r 2               	Por_Co		.tag	NSD_Por_Co	nsd::Track	;Portamento
000000r 2               	Rep_Trans	.tag	NSD_Rep_Trans	nsd::Track	;Repeat and Transpose
000000r 2               	Volume		.tag	NSD_volume	nsd::Track	;volume
000000r 2               	Voice		.tag	NSD_voice	nsd::Track	;voice
000000r 2               	SubRoutine	.word			nsd::Track	;Pointer of sub-routine return address
000000r 2               	Frequency	.word			nsd::Track	;Setting frequency
000000r 2               	Frequency_Set	.word			nsd::Track	;Setting frequency for Device
000000r 2               	Envelop_Volume	.word			nsd::Track	;Pointer of envelop
000000r 2               	Envelop_Voice	.word			nsd::Track	;Pointer of envelop
000000r 2               	Envelop_Freq	.word			nsd::Track	;Pointer of envelop
000000r 2               	Envelop_Note	.word			nsd::Track	;Pointer of envelop
000000r 2               	Env_V_Ptr	.tag	NSD_Env_V_Ptr	nsd::Track	;
000000r 2               	Env_F_Ptr	.tag	NSD_Env_F_Ptr	nsd::Track	;
000000r 2               .Endstruct
000000r 2               
000000r 2               ;=======================================================================
000000r 2               ;	Defines for work structures
000000r 2               ;-----------------------------------------------------------------------
000000r 2               
000000r 2               .scope	nsd_flag
000000r 2               	BGM	= $01
000000r 2               	SE	= $02
000000r 2               .endscope
000000r 2               
000000r 2               ;Zero Page Works
000000r 2               .define	__ptr		nsd_work_zp + NSD_work_zp::_ptr
000000r 2               .define	__tmp		nsd_work_zp + NSD_work_zp::_tmp
000000r 2               .define	__flag		nsd_work_zp + NSD_work_zp::flag
000000r 2               .define	__channel	nsd_work_zp + NSD_work_zp::channel
000000r 2               .define	__Sequence_ptr	nsd_work_zp + NSD_work_zp::Sequence_ptr
000000r 2               .define	__Length_ctr	nsd_work_zp + NSD_work_zp::Length + NSD_Length_Cnt::counter
000000r 2               .define	__Gate		nsd_work_zp + NSD_work_zp::Length + NSD_Length_Cnt::gate
000000r 2               .define	__Envelop_V	nsd_work_zp + NSD_work_zp::Envelop + NSD_Envelop::V
000000r 2               .define	__Envelop_F	nsd_work_zp + NSD_work_zp::Envelop + NSD_Envelop::F
000000r 2               .define	__Tempo		nsd_work_zp + NSD_work_zp::Envelop + NSD_Envelop::V + nsd::TR_BGM3
000000r 2               .define	__Tempo_ctr	nsd_work_zp + NSD_work_zp::Envelop + NSD_Envelop::V + nsd::TR_BGM5
000000r 2               
000000r 2               .scope	nsd_chflag
000000r 2               	SE1	= $40
000000r 2               	SE2	= $80
000000r 2               	KeyOff	= $03		;00	Key Off	: Vol = 0
000000r 2               				;01	Key Off	: Release command
000000r 2               				;10	Key Off	:  envelop
000000r 2               				;11	Note On	: (envelop)
000000r 2               .endscope
000000r 2               
000000r 2               ;RAM Works
000000r 2               .define	__chflag	nsd_work + NSD_work::Flag + NSD_Flag::flag
000000r 2               .define	__gatemode	nsd_work + NSD_work::Flag + NSD_Flag::gatemode
000000r 2               .define	__tai		nsd_work + NSD_work::Length + NSD_length::tai
000000r 2               .define	__length	nsd_work + NSD_work::Length + NSD_length::length
000000r 2               .define	__gate_q	nsd_work + NSD_work::Gatetime + NSD_gatetime::q
000000r 2               .define	__gate_u	nsd_work + NSD_work::Gatetime + NSD_gatetime::u
000000r 2               .define __note		nsd_work + NSD_work::Note + NSD_note::note
000000r 2               .define	__octave	nsd_work + NSD_work::Note + NSD_note::octave
000000r 2               .define	__detune_cent	nsd_work + NSD_work::Detune + NSD_Detune::cent
000000r 2               .define	__detune_fine	nsd_work + NSD_work::Detune + NSD_Detune::fine
000000r 2               .define	__por_target	nsd_work + NSD_work::Por_Lv + NSD_Por_Lv::target
000000r 2               .define	__por_inc	nsd_work + NSD_work::Por_Lv + NSD_Por_Lv::inc
000000r 2               .define	__por_decay	nsd_work + NSD_work::Por_Sp + NSD_Por_Sp::decay
000000r 2               .define	__por_rate	nsd_work + NSD_work::Por_Sp + NSD_Por_Sp::rate
000000r 2               .define	__por_ctr	nsd_work + NSD_work::Por_Co + NSD_Por_Co::count
000000r 2               .define	__por_lv	nsd_work + NSD_work::Por_Co + NSD_Por_Co::lv
000000r 2               .define	__trans		nsd_work + NSD_work::Rep_Trans + NSD_Rep_Trans::trans
000000r 2               .define	__repeat_ctr	nsd_work + NSD_work::Rep_Trans + NSD_Rep_Trans::count
000000r 2               .define	__volume	nsd_work + NSD_work::Volume + NSD_volume::volume
000000r 2               .define	__volume_set	nsd_work + NSD_work::Volume + NSD_volume::volume_set
000000r 2               .define	__voice		nsd_work + NSD_work::Voice + NSD_voice::voice
000000r 2               .define	__voice_set	nsd_work + NSD_work::Voice + NSD_voice::voice_set
000000r 2               .define	__frequency	nsd_work + NSD_work::Frequency
000000r 2               .define	__frequency_set	nsd_work + NSD_work::Frequency_Set
000000r 2               .define	__subroutine	nsd_work + NSD_work::SubRoutine
000000r 2               .define	__env_volume	nsd_work + NSD_work::Envelop_Volume
000000r 2               .define	__env_voice	nsd_work + NSD_work::Envelop_Voice
000000r 2               .define	__env_frequency	nsd_work + NSD_work::Envelop_Freq
000000r 2               .define	__env_note	nsd_work + NSD_work::Envelop_Note
000000r 2               .define	__env_vol_ptr	nsd_work + NSD_work::Env_V_Ptr + NSD_Env_V_Ptr::Volume
000000r 2               .define	__env_voi_ptr	nsd_work + NSD_work::Env_V_Ptr + NSD_Env_V_Ptr::Voice
000000r 2               .define	__env_freq_ptr	nsd_work + NSD_work::Env_F_Ptr + NSD_Env_F_Ptr::Frequency
000000r 2               .define	__env_note_ptr	nsd_work + NSD_work::Env_F_Ptr + NSD_Env_F_Ptr::Note
000000r 2               
000000r 2               ;=======================================================================
000000r 2               ;	Macros
000000r 2               ;-----------------------------------------------------------------------
000000r 2               
000000r 2               .MACPACK generic
000000r 2               
000000r 2               .macro  ldax    arg
000000r 2               	.if (.match (.left (1, {arg}), #))
000000r 2               		; immediate mode
000000r 2               		lda     #<(.right (.tcount ({arg})-1, {arg}))
000000r 2               		ldx     #>(.right (.tcount ({arg})-1, {arg}))
000000r 2               	.else
000000r 2               		; assume absolute or zero page
000000r 2               		lda     arg
000000r 2               		ldx     1+(arg)
000000r 2               	.endif
000000r 2               .endmacro
000000r 2               
000000r 2               .macro  addw    Arg
000000r 2               	clc
000000r 2               	.if (.match (.left (1, {arg}), #))
000000r 2               		; immediate mode
000000r 2               		adc     #<(.right (.tcount ({arg})-1, {arg}))
000000r 2               		adc     #>(.right (.tcount ({arg})-1, {arg}))
000000r 2               	.else
000000r 2               		; assume absolute or zero page
000000r 2               		adc     arg
000000r 2               		adc     1+(arg)
000000r 2               	.endif
000000r 2               .endmacro
000000r 2               
000000r 2               .macro  subw    Arg
000000r 2               	sec
000000r 2               	.if (.match (.left (1, {arg}), #))
000000r 2               		; immediate mode
000000r 2               		sbc     #<(.right (.tcount ({arg})-1, {arg}))
000000r 2               		sbc     #>(.right (.tcount ({arg})-1, {arg}))
000000r 2               	.else
000000r 2               		; assume absolute or zero page
000000r 2               		sbc     arg
000000r 2               		sbc     1+(arg)
000000r 2               	.endif
000000r 2               .endmacro
000000r 2               
000000r 2               .macro	shl	arg, c
000000r 2               	.repeat	c
000000r 2               		asl	arg
000000r 2               	.endrepeat
000000r 2               .endmacro
000000r 2               
000000r 2               .macro	shr	arg, c
000000r 2               	.repeat	c
000000r 2               		lsr	arg
000000r 2               	.endrepeat
000000r 2               .endmacro
000000r 2               
000000r 2               
000000r 1               
000000r 1               .code
000000r 1               
000000r 1               ;=======================================================================
000000r 1               ;	void    __fastcall__    nsd_init(void );
000000r 1               ;-----------------------------------------------------------------------
000000r 1               ;<<Contents>>
000000r 1               ;	Init
000000r 1               ;<<Input>>
000000r 1               ;	nothing
000000r 1               ;<<Output>>
000000r 1               ;	nothing
000000r 1               ;=======================================================================
000000r 1               .proc	_nsd_init: near
000000r 1               
000000r 1  20 rr rr     	jsr	_nsd_stop_bgm
000003r 1  20 rr rr     	jsr	_nsd_stop_se
000006r 1  20 rr rr     	jsr	_nsd_snd_init
000009r 1               
000009r 1  60           	rts
00000Ar 1               .endproc
00000Ar 1               
00000Ar 1               ;=======================================================================
00000Ar 1               ;	void    __fastcall__    nsd_play_bgm(void* bgm );
00000Ar 1               ;-----------------------------------------------------------------------
00000Ar 1               ;<<Contents>>
00000Ar 1               ;	Start BGM
00000Ar 1               ;<<Input>>
00000Ar 1               ;	ax	pointer of BGM
00000Ar 1               ;<<Output>>
00000Ar 1               ;	nothing
00000Ar 1               ;=======================================================================
00000Ar 1               .proc	_nsd_play_bgm: near
00000Ar 1               
00000Ar 1  85 rr        	sta	__ptr
00000Cr 1  86 rr        	stx	__ptr + 1
00000Er 1               
00000Er 1  20 rr rr     	jsr	_nsd_stop_bgm
000011r 1               
000011r 1  A0 00        	ldy	#0
000013r 1               
000013r 1  B1 rr        	lda	(__ptr),y		; a = number of track
000015r 1  0A           	shl	a, 1
000016r 1  85 rr        	sta	__tmp
000018r 1  C8           	iny
000019r 1  C8           	iny
00001Ar 1               
00001Ar 1               	;-----------------------
00001Ar 1               	;Init the channel structure
00001Ar 1  A2 00        	ldx	#nsd::TR_BGM1
00001Cr 1               
00001Cr 1               Loop:
00001Cr 1  E4 rr        	cpx	__tmp
00001Er 1  B0 16        	bcs	@L
000020r 1  B1 rr        	lda	(__ptr),y
000022r 1  18 65 rr     	add	__ptr
000025r 1  08           	php
000026r 1  95 rr        	sta	__Sequence_ptr,x
000028r 1  C8           	iny
000029r 1  B1 rr        	lda	(__ptr),y
00002Br 1  28           	plp
00002Cr 1  65 rr        	adc	__ptr + 1
00002Er 1  95 rr        	sta	__Sequence_ptr + 1,x
000030r 1  C8           	iny
000031r 1  A9 00        	lda	#0
000033r 1  4C rr rr     	jmp	@E
000036r 1               @L:
000036r 1  A9 00        	lda	#0
000038r 1  95 rr        	sta	__Sequence_ptr,x
00003Ar 1  95 rr        	sta	__Sequence_ptr + 1,x
00003Cr 1               @E:
00003Cr 1  9D rr rr     	sta	__chflag,x		;Å°Å°Å° to do for SE
00003Fr 1  9D rr rr     	sta	__tai,x
000042r 1  95 rr        	sta	__Gate,x
000044r 1  9D rr rr     	sta	__gate_q,x
000047r 1  9D rr rr     	sta	__gate_u,x
00004Ar 1  9D rr rr     	sta	__detune_cent,x
00004Dr 1  9D rr rr     	sta	__detune_fine,x
000050r 1  9D rr rr     	sta	__por_target,x
000053r 1  9D rr rr     	sta	__trans,x
000056r 1  9D rr rr     	sta	__subroutine,x
000059r 1  9D rr rr     	sta	__subroutine + 1,x
00005Cr 1               
00005Cr 1  9D rr rr     	sta	__env_frequency,x
00005Fr 1  9D rr rr     	sta	__env_frequency + 1,x
000062r 1  9D rr rr     	sta	__env_freq_ptr,x
000065r 1  9D rr rr     	sta	__env_note,x
000068r 1  9D rr rr     	sta	__env_note + 1,x
00006Br 1  9D rr rr     	sta	__env_note_ptr,x
00006Er 1               
00006Er 1               	;Ch3(Tri) or Ch5(DPCM) ?
00006Er 1  E0 04        	cpx	#nsd::TR_BGM3
000070r 1  F0 20        	beq	Step
000072r 1  E0 08        	cpx	#nsd::TR_BGM5
000074r 1  F0 1C        	beq	Step
000076r 1               
000076r 1  9D rr rr     	sta	__env_volume,x
000079r 1  9D rr rr     	sta	__env_volume + 1,x
00007Cr 1  9D rr rr     	sta	__env_vol_ptr,x
00007Fr 1  9D rr rr     	sta	__env_voice,x
000082r 1  9D rr rr     	sta	__env_voice + 1,x
000085r 1  9D rr rr     	sta	__env_voi_ptr,x
000088r 1  A9 00        	lda	#$00
00008Ar 1  9D rr rr     	sta	__voice,x
00008Dr 1  A9 2F        	lda	#$2F
00008Fr 1  9D rr rr     	sta	__volume,x
000092r 1               Step:
000092r 1               
000092r 1  A9 01        	lda	#1
000094r 1  95 rr        	sta	__Length_ctr,x
000096r 1               
000096r 1  A9 18        	lda	#24
000098r 1  9D rr rr     	sta	__length,x
00009Br 1               
00009Br 1  A9 30        	lda	#48
00009Dr 1  9D rr rr     	sta	__octave,x
0000A0r 1               
0000A0r 1  A9 FF        	lda	#$FF
0000A2r 1  9D rr rr     	sta	__note,x
0000A5r 1  A9 02        	lda	#$2
0000A7r 1  9D rr rr     	sta	__gatemode,x
0000AAr 1               
0000AAr 1  E8           	inx
0000ABr 1  E8           	inx
0000ACr 1  E0 0A        	cpx	#nsd::TR_BGM1 + nsd::BGM_Track * 2
0000AEr 1  B0 03        	bcs	Loop_End
0000B0r 1  4C rr rr     	jmp	Loop
0000B3r 1               Loop_End:
0000B3r 1               
0000B3r 1               	;-----------------------
0000B3r 1               	;common
0000B3r 1               
0000B3r 1  A9 78        	lda	#120
0000B5r 1  85 rr        	sta	__Tempo
0000B7r 1               
0000B7r 1  A9 FE        	lda	#~nsd_flag::BGM
0000B9r 1  25 rr        	and	__flag
0000BBr 1  85 rr        	sta	__flag			;BGM Enable
0000BDr 1               
0000BDr 1  60           	rts
0000BEr 1               .endproc
0000BEr 1               
0000BEr 1               ;=======================================================================
0000BEr 1               ;	void    __fastcall__    nsd_stop_bgm(void );
0000BEr 1               ;-----------------------------------------------------------------------
0000BEr 1               ;<<Contents>>
0000BEr 1               ;	Init
0000BEr 1               ;<<Input>>
0000BEr 1               ;	nothing
0000BEr 1               ;<<Output>>
0000BEr 1               ;	nothing
0000BEr 1               ;=======================================================================
0000BEr 1               .proc	_nsd_stop_bgm: near
0000BEr 1               
0000BEr 1               	;-----------------------
0000BEr 1               	;common
0000BEr 1  A9 01        	lda	#nsd_flag::BGM
0000C0r 1  05 rr        	ora	__flag
0000C2r 1  85 rr        	sta	__flag			;BGM Disable
0000C4r 1               
0000C4r 1               	;-----------------------
0000C4r 1               	;Init the channel structure
0000C4r 1  A2 00        	ldx	#nsd::TR_BGM1
0000C6r 1               Loop:
0000C6r 1  A9 00        	lda	#$00
0000C8r 1  95 rr        	sta	__Sequence_ptr,x
0000CAr 1  95 rr        	sta	__Sequence_ptr + 1,x
0000CCr 1  A9 FD        	lda	#$FD
0000CEr 1  9D rr rr     	sta	__note,x
0000D1r 1               
0000D1r 1  E8           	inx
0000D2r 1  E8           	inx
0000D3r 1  E0 0A        	cpx	#nsd::TR_BGM1 + nsd::BGM_Track * 2
0000D5r 1  90 EF        	bcc	Loop
0000D7r 1               
0000D7r 1  60           	rts
0000D8r 1               .endproc
0000D8r 1               
0000D8r 1               ;=======================================================================
0000D8r 1               ;	void    __fastcall__    nsd_stop_se(void );
0000D8r 1               ;-----------------------------------------------------------------------
0000D8r 1               ;<<Contents>>
0000D8r 1               ;	Init
0000D8r 1               ;<<Input>>
0000D8r 1               ;	nothing
0000D8r 1               ;<<Output>>
0000D8r 1               ;	nothing
0000D8r 1               ;=======================================================================
0000D8r 1               .proc	_nsd_stop_se: near
0000D8r 1               
0000D8r 1               	;-----------------------
0000D8r 1               	;common
0000D8r 1  A9 02        	lda	#nsd_flag::SE
0000DAr 1  05 rr        	ora	__flag
0000DCr 1  85 rr        	sta	__flag			;SE Disable
0000DEr 1               
0000DEr 1               	;-----------------------
0000DEr 1               	;Init the channel structure
0000DEr 1  A2 0A        	ldx	#nsd::TR_SE1
0000E0r 1               Loop:
0000E0r 1  A9 00        	lda	#$00
0000E2r 1  95 rr        	sta	__Sequence_ptr,x
0000E4r 1  95 rr        	sta	__Sequence_ptr + 1,x
0000E6r 1  A9 FD        	lda	#$FD
0000E8r 1  9D rr rr     	sta	__note,x
0000EBr 1               
0000EBr 1  E8           	inx
0000ECr 1  E8           	inx
0000EDr 1  E0 0E        	cpx	#nsd::TR_SE1 + nsd::SE_Track * 2
0000EFr 1  90 EF        	bcc	Loop
0000F1r 1               
0000F1r 1  60           	rts
0000F2r 1               .endproc
0000F2r 1               
0000F2r 1               
