Modules list:
-------------
crt0.o:
    CODE              Offs=000000  Size=000000  Align=00001  Fill=0000
    RODATA            Offs=000000  Size=000000  Align=00001  Fill=0000
    BSS               Offs=000000  Size=000000  Align=00001  Fill=0000
    DATA              Offs=000000  Size=000000  Align=00001  Fill=0000
    ZEROPAGE          Offs=000000  Size=000000  Align=00001  Fill=0000
    NULL              Offs=000000  Size=000000  Align=00001  Fill=0000
    HEADER            Offs=000000  Size=000010  Align=00001  Fill=0000
    STARTUP           Offs=000000  Size=000076  Align=00001  Fill=0000
    VECTORS           Offs=000000  Size=000006  Align=00001  Fill=0000
main.o:
    CODE              Offs=000000  Size=000021  Align=00001  Fill=0000
    RODATA            Offs=000000  Size=000004  Align=00001  Fill=0000
    BSS               Offs=000000  Size=000000  Align=00001  Fill=0000
    DATA              Offs=000000  Size=000000  Align=00001  Fill=0000
    ZEROPAGE          Offs=000000  Size=000000  Align=00001  Fill=0000
    NULL              Offs=000000  Size=000000  Align=00001  Fill=0000
testmus.o:
    CODE              Offs=000021  Size=000000  Align=00001  Fill=0000
    RODATA            Offs=000004  Size=000000  Align=00001  Fill=0000
    BSS               Offs=000000  Size=000000  Align=00001  Fill=0000
    DATA              Offs=000000  Size=000000  Align=00001  Fill=0000
    ZEROPAGE          Offs=000000  Size=000000  Align=00001  Fill=0000
    NULL              Offs=000000  Size=000000  Align=00001  Fill=0000
    MUSDATA           Offs=000000  Size=0000DF  Align=00001  Fill=0000
    PCMDATA           Offs=000000  Size=0013C1  Align=00040  Fill=0000
..\..\lib\\nsd.lib(nsd_init.o):
    CODE              Offs=000021  Size=00000A  Align=00001  Fill=0000
    RODATA            Offs=000004  Size=000000  Align=00001  Fill=0000
    BSS               Offs=000000  Size=000000  Align=00001  Fill=0000
    DATA              Offs=000000  Size=000000  Align=00001  Fill=0000
    ZEROPAGE          Offs=000000  Size=000000  Align=00001  Fill=0000
    NULL              Offs=000000  Size=000000  Align=00001  Fill=0000
..\..\lib\\nsd.lib(nsd_set_dpcm.o):
    CODE              Offs=00002B  Size=000007  Align=00001  Fill=0000
    RODATA            Offs=000004  Size=000000  Align=00001  Fill=0000
    BSS               Offs=000000  Size=000000  Align=00001  Fill=0000
    DATA              Offs=000000  Size=000000  Align=00001  Fill=0000
    ZEROPAGE          Offs=000000  Size=000000  Align=00001  Fill=0000
    NULL              Offs=000000  Size=000000  Align=00001  Fill=0000
..\..\lib\\nsd.lib(nsd_main.o):
    CODE              Offs=000032  Size=000085  Align=00001  Fill=0000
    RODATA            Offs=000004  Size=000000  Align=00001  Fill=0000
    BSS               Offs=000000  Size=000000  Align=00001  Fill=0000
    DATA              Offs=000000  Size=000000  Align=00001  Fill=0000
    ZEROPAGE          Offs=000000  Size=000000  Align=00001  Fill=0000
    NULL              Offs=000000  Size=000000  Align=00001  Fill=0000
..\..\lib\\nsd.lib(nsd_play_bgm.o):
    CODE              Offs=0000B7  Size=0000E2  Align=00001  Fill=0000
    RODATA            Offs=000004  Size=000000  Align=00001  Fill=0000
    BSS               Offs=000000  Size=000000  Align=00001  Fill=0000
    DATA              Offs=000000  Size=000000  Align=00001  Fill=0000
    ZEROPAGE          Offs=000000  Size=000000  Align=00001  Fill=0000
    NULL              Offs=000000  Size=000000  Align=00001  Fill=0000
..\..\lib\\nsd.lib(nsd_stop_bgm.o):
    CODE              Offs=000199  Size=000020  Align=00001  Fill=0000
    RODATA            Offs=000004  Size=000000  Align=00001  Fill=0000
    BSS               Offs=000000  Size=000000  Align=00001  Fill=0000
    DATA              Offs=000000  Size=000000  Align=00001  Fill=0000
    ZEROPAGE          Offs=000000  Size=000000  Align=00001  Fill=0000
    NULL              Offs=000000  Size=000000  Align=00001  Fill=0000
..\..\lib\\nsd.lib(nsd_play_se.o):
    CODE              Offs=0001B9  Size=00007E  Align=00001  Fill=0000
    RODATA            Offs=000004  Size=000000  Align=00001  Fill=0000
    BSS               Offs=000000  Size=000000  Align=00001  Fill=0000
    DATA              Offs=000000  Size=000000  Align=00001  Fill=0000
    ZEROPAGE          Offs=000000  Size=000000  Align=00001  Fill=0000
    NULL              Offs=000000  Size=000000  Align=00001  Fill=0000
..\..\lib\\nsd.lib(nsd_stop_se.o):
    CODE              Offs=000237  Size=000024  Align=00001  Fill=0000
    RODATA            Offs=000004  Size=000000  Align=00001  Fill=0000
    BSS               Offs=000000  Size=000000  Align=00001  Fill=0000
    DATA              Offs=000000  Size=000000  Align=00001  Fill=0000
    ZEROPAGE          Offs=000000  Size=000000  Align=00001  Fill=0000
    NULL              Offs=000000  Size=000000  Align=00001  Fill=0000
..\..\lib\\nsd.lib(nsd_sequence.o):
    CODE              Offs=00025B  Size=0005A0  Align=00001  Fill=0000
    RODATA            Offs=000004  Size=000098  Align=00001  Fill=0000
    BSS               Offs=000000  Size=000000  Align=00001  Fill=0000
    DATA              Offs=000000  Size=000000  Align=00001  Fill=0000
    ZEROPAGE          Offs=000000  Size=000000  Align=00001  Fill=0000
    NULL              Offs=000000  Size=000000  Align=00001  Fill=0000
..\..\lib\\nsd.lib(nsd_envelope.o):
    CODE              Offs=0007FB  Size=00023B  Align=00001  Fill=0000
    RODATA            Offs=00009C  Size=000000  Align=00001  Fill=0000
    BSS               Offs=000000  Size=000000  Align=00001  Fill=0000
    DATA              Offs=000000  Size=000000  Align=00001  Fill=0000
    ZEROPAGE          Offs=000000  Size=000000  Align=00001  Fill=0000
    NULL              Offs=000000  Size=000000  Align=00001  Fill=0000
..\..\lib\\nsd.lib(nsd_snd.o):
    CODE              Offs=000A36  Size=0002A4  Align=00001  Fill=0000
    RODATA            Offs=00009C  Size=000116  Align=00001  Fill=0000
    BSS               Offs=000000  Size=000000  Align=00001  Fill=0000
    DATA              Offs=000000  Size=000000  Align=00001  Fill=0000
    ZEROPAGE          Offs=000000  Size=000000  Align=00001  Fill=0000
    NULL              Offs=000000  Size=000000  Align=00001  Fill=0000
..\..\lib\\nsd.lib(nsd_math.o):
    CODE              Offs=000CDA  Size=000066  Align=00001  Fill=0000
    RODATA            Offs=0001B2  Size=000000  Align=00001  Fill=0000
    BSS               Offs=000000  Size=000000  Align=00001  Fill=0000
    DATA              Offs=000000  Size=000000  Align=00001  Fill=0000
    ZEROPAGE          Offs=000000  Size=000000  Align=00001  Fill=0000
    NULL              Offs=000000  Size=000000  Align=00001  Fill=0000
..\..\lib\\nsd.lib(nsd_work.o):
    CODE              Offs=000D40  Size=000000  Align=00001  Fill=0000
    RODATA            Offs=0001B2  Size=000000  Align=00001  Fill=0000
    BSS               Offs=000000  Size=000126  Align=00001  Fill=0000
    DATA              Offs=000000  Size=000000  Align=00001  Fill=0000
    ZEROPAGE          Offs=000000  Size=000030  Align=00001  Fill=0000
    NULL              Offs=000000  Size=000000  Align=00001  Fill=0000


Segment list:
-------------
Name                   Start     End    Size  Align
----------------------------------------------------
HEADER                000000  00000F  000010  00001
NULL                  000000  000000  000000  00001
ZEROPAGE              000002  000031  000030  00001
BSS                   000200  000325  000126  00001
DATA                  006000  006000  000000  00001
MUSDATA               008000  0080DE  0000DF  00001
PCMDATA               00C000  00D3C0  0013C1  00040
STARTUP               00E000  00E075  000076  00001
CODE                  00E076  00EDB5  000D40  00001
RODATA                00EDB6  00EF67  0001B2  00001
VECTORS               00FFFA  00FFFF  000006  00001


Exports list by name:
---------------------
_Test_BGM0                0080AC RLA    _Test_DPCMinfo            008000 RLA    
__BSS_LOAD__              000200  LA    __BSS_RUN__               000200  LA    
__BSS_SIZE__              000126  EA    __CODE_LOAD__             00E076  LA    
__CODE_RUN__              00E076  LA    __CODE_SIZE__             000D40  EA    
__DATA_LOAD__             00EF68  LA    __DATA_RUN__              006000  LA    
__DATA_SIZE__             000000  EA    __MUSDATA_LOAD__          008000  LA    
__MUSDATA_RUN__           008000  LA    __MUSDATA_SIZE__          0000DF  EA    
__PCMDATA_LOAD__          00C000  LA    __PCMDATA_RUN__           00C000  LA    
__PCMDATA_SIZE__          0013C1  EA    __RAM_FILEOFFS__          000000  EA    
__RAM_LAST__              006000  LA    __RAM_SIZE__              002000  EA    
__RAM_START__             006000  LA    __RODATA_LOAD__           00EDB6  LA    
__RODATA_RUN__            00EDB6  LA    __RODATA_SIZE__           0001B2  EA    
__ROM0_FILEOFFS__         000010  EA    __ROM0_LAST__             0080DF  LA    
__ROM0_SIZE__             004000  EA    __ROM0_START__            008000  LA    
__ROMD_FILEOFFS__         004010  EA    __ROMD_LAST__             00D3C1  LA    
__ROMD_SIZE__             002000  EA    __ROMD_START__            00C000  LA    
__ROMP_FILEOFFS__         006010  EA    __ROMP_LAST__             00EF68  LA    
__ROMP_SIZE__             001FFA  EA    __ROMP_START__            00E000  LA    
__SRAM_FILEOFFS__         000000  EA    __SRAM_LAST__             000326  LA    
__SRAM_SIZE__             000600  EA    __SRAM_START__            000200  LA    
__STARTUP_LOAD__          00E000  LA    __STARTUP_RUN__           00E000  LA    
__STARTUP_SIZE__          000076  EA    __STARTUP__               000001  EA    
__ZP_FILEOFFS__           000000  EA    __ZP_LAST__               000032  LA    
__ZP_SIZE__               000060  EA    __ZP_START__              000002  LA    
_main                     00E089 RLA    _nsd_div192               00ED50 RLA    
_nsd_dpcm_calc            00EAD4  LA    _nsd_init                 00E097 RLA    
_nsd_main                 00E0A8 RLA    _nsd_mul                  00ED8D RLA    
_nsd_play                 00E183 RLA    _nsd_play_bgm             00E12D RLA    
_nsd_play_se              00E22F RLA    _nsd_set_dpcm             00E0A1 RLA    
_nsd_snd_frequency        00EC37 RLA    _nsd_snd_init             00EAAC RLA    
_nsd_snd_keyoff           00EB4E RLA    _nsd_snd_keyon            00EAEF RLA    
_nsd_snd_sweep            00EC14 RLA    _nsd_snd_voice            00EB7A RLA    
_nsd_snd_volume           00EBBC RLA    _nsd_stop_bgm             00E20F RLA    
_nsd_stop_se              00E2AD RLA    nsd_envelop               00E871 RLA    
nsd_sequence              00E2F8 RLA    nsd_work                  000200 RLA    
nsd_work_zp               000002 RLZ    


Exports list by value:
----------------------
__SRAM_FILEOFFS__         000000  EA    __ZP_FILEOFFS__           000000  EA    
__DATA_SIZE__             000000  EA    __RAM_FILEOFFS__          000000  EA    
__STARTUP__               000001  EA    nsd_work_zp               000002 RLZ    
__ZP_START__              000002  LA    __ROM0_FILEOFFS__         000010  EA    
__ZP_LAST__               000032  LA    __ZP_SIZE__               000060  EA    
__STARTUP_SIZE__          000076  EA    __MUSDATA_SIZE__          0000DF  EA    
__BSS_SIZE__              000126  EA    __RODATA_SIZE__           0001B2  EA    
nsd_work                  000200 RLA    __BSS_LOAD__              000200  LA    
__BSS_RUN__               000200  LA    __SRAM_START__            000200  LA    
__SRAM_LAST__             000326  LA    __SRAM_SIZE__             000600  EA    
__CODE_SIZE__             000D40  EA    __PCMDATA_SIZE__          0013C1  EA    
__ROMP_SIZE__             001FFA  EA    __ROMD_SIZE__             002000  EA    
__RAM_SIZE__              002000  EA    __ROM0_SIZE__             004000  EA    
__ROMD_FILEOFFS__         004010  EA    __RAM_LAST__              006000  LA    
__DATA_RUN__              006000  LA    __RAM_START__             006000  LA    
__ROMP_FILEOFFS__         006010  EA    __MUSDATA_LOAD__          008000  LA    
_Test_DPCMinfo            008000 RLA    __MUSDATA_RUN__           008000  LA    
__ROM0_START__            008000  LA    _Test_BGM0                0080AC RLA    
__ROM0_LAST__             0080DF  LA    __PCMDATA_LOAD__          00C000  LA    
__ROMD_START__            00C000  LA    __PCMDATA_RUN__           00C000  LA    
__ROMD_LAST__             00D3C1  LA    __STARTUP_RUN__           00E000  LA    
__STARTUP_LOAD__          00E000  LA    __ROMP_START__            00E000  LA    
__CODE_LOAD__             00E076  LA    __CODE_RUN__              00E076  LA    
_main                     00E089 RLA    _nsd_init                 00E097 RLA    
_nsd_set_dpcm             00E0A1 RLA    _nsd_main                 00E0A8 RLA    
_nsd_play_bgm             00E12D RLA    _nsd_play                 00E183 RLA    
_nsd_stop_bgm             00E20F RLA    _nsd_play_se              00E22F RLA    
_nsd_stop_se              00E2AD RLA    nsd_sequence              00E2F8 RLA    
nsd_envelop               00E871 RLA    _nsd_snd_init             00EAAC RLA    
_nsd_dpcm_calc            00EAD4  LA    _nsd_snd_keyon            00EAEF RLA    
_nsd_snd_keyoff           00EB4E RLA    _nsd_snd_voice            00EB7A RLA    
_nsd_snd_volume           00EBBC RLA    _nsd_snd_sweep            00EC14 RLA    
_nsd_snd_frequency        00EC37 RLA    _nsd_div192               00ED50 RLA    
_nsd_mul                  00ED8D RLA    __RODATA_LOAD__           00EDB6  LA    
__RODATA_RUN__            00EDB6  LA    __ROMP_LAST__             00EF68  LA    
__DATA_LOAD__             00EF68  LA    


Imports list:
-------------
_Test_BGM0 (testmus.o):
    main.o                    main.s(5)
_Test_DPCMinfo (testmus.o):
    main.o                    main.s(4)
__BSS_LOAD__ ([linker generated]):
__BSS_RUN__ ([linker generated]):
__BSS_SIZE__ ([linker generated]):
__CODE_LOAD__ ([linker generated]):
__CODE_RUN__ ([linker generated]):
__CODE_SIZE__ ([linker generated]):
__DATA_LOAD__ ([linker generated]):
__DATA_RUN__ ([linker generated]):
__DATA_SIZE__ ([linker generated]):
__MUSDATA_LOAD__ ([linker generated]):
__MUSDATA_RUN__ ([linker generated]):
__MUSDATA_SIZE__ ([linker generated]):
__PCMDATA_LOAD__ ([linker generated]):
__PCMDATA_RUN__ ([linker generated]):
__PCMDATA_SIZE__ ([linker generated]):
__RAM_FILEOFFS__ ([linker generated]):
__RAM_LAST__ ([linker generated]):
__RAM_SIZE__ ([linker generated]):
__RAM_START__ ([linker generated]):
__RODATA_LOAD__ ([linker generated]):
__RODATA_RUN__ ([linker generated]):
__RODATA_SIZE__ ([linker generated]):
__ROM0_FILEOFFS__ ([linker generated]):
__ROM0_LAST__ ([linker generated]):
__ROM0_SIZE__ ([linker generated]):
__ROM0_START__ ([linker generated]):
__ROMD_FILEOFFS__ ([linker generated]):
__ROMD_LAST__ ([linker generated]):
__ROMD_SIZE__ ([linker generated]):
__ROMD_START__ ([linker generated]):
__ROMP_FILEOFFS__ ([linker generated]):
__ROMP_LAST__ ([linker generated]):
__ROMP_SIZE__ ([linker generated]):
__ROMP_START__ ([linker generated]):
__SRAM_FILEOFFS__ ([linker generated]):
__SRAM_LAST__ ([linker generated]):
__SRAM_SIZE__ ([linker generated]):
__SRAM_START__ ([linker generated]):
__STARTUP_LOAD__ ([linker generated]):
__STARTUP_RUN__ ([linker generated]):
__STARTUP_SIZE__ ([linker generated]):
__STARTUP__ (crt0.o):
__ZP_FILEOFFS__ ([linker generated]):
__ZP_LAST__ ([linker generated]):
__ZP_SIZE__ ([linker generated]):
__ZP_START__ ([linker generated]):
_main (main.o):
    crt0.o                    crt0.s(27)
_nsd_div192 (nsd_math.o):
    nsd_snd.o                 nsd_snd.s(25)
_nsd_dpcm_calc (nsd_snd.o):
_nsd_init (nsd_init.o):
    crt0.o                    ..\..\include\nsd.inc(63)
_nsd_main (nsd_main.o):
    crt0.o                    ..\..\include\nsd.inc(49)
_nsd_mul (nsd_math.o):
    nsd_envelope.o            nsd_envelope.s(20)
_nsd_play (nsd_play_bgm.o):
    nsd_play_se.o             nsd_play_se.s(17)
_nsd_play_bgm (nsd_play_bgm.o):
    main.o                    ..\..\include\nsd.inc(85)
_nsd_play_se (nsd_play_se.o):
    nsd_sequence.o            nsd_sequence.s(21)
_nsd_set_dpcm (nsd_set_dpcm.o):
    main.o                    ..\..\include\nsd.inc(74)
_nsd_snd_frequency (nsd_snd.o):
    nsd_envelope.o            nsd_envelope.s(19)
_nsd_snd_init (nsd_snd.o):
    nsd_init.o                nsd_init.s(20)
_nsd_snd_keyoff (nsd_snd.o):
    nsd_sequence.o            nsd_sequence.s(18)
    nsd_stop_se.o             nsd_stop_se.s(22)
    nsd_stop_bgm.o            nsd_stop_bgm.s(19)
_nsd_snd_keyon (nsd_snd.o):
    nsd_sequence.o            nsd_sequence.s(17)
_nsd_snd_sweep (nsd_snd.o):
    nsd_sequence.o            nsd_sequence.s(19)
_nsd_snd_voice (nsd_snd.o):
    nsd_envelope.o            nsd_envelope.s(17)
    nsd_sequence.o            nsd_sequence.s(20)
_nsd_snd_volume (nsd_snd.o):
    nsd_envelope.o            nsd_envelope.s(18)
    nsd_stop_se.o             nsd_stop_se.s(21)
    nsd_stop_bgm.o            nsd_stop_bgm.s(18)
_nsd_stop_bgm (nsd_stop_bgm.o):
    nsd_play_bgm.o            nsd_play_bgm.s(18)
    nsd_init.o                nsd_init.s(17)
_nsd_stop_se (nsd_stop_se.o):
    nsd_init.o                nsd_init.s(18)
nsd_envelop (nsd_envelope.o):
    nsd_main.o                nsd_main.s(21)
nsd_sequence (nsd_sequence.o):
    nsd_main.o                nsd_main.s(20)
nsd_work (nsd_work.o):
    nsd_snd.o                 nsd_snd.s(27)
    nsd_envelope.o            nsd_envelope.s(26)
    nsd_sequence.o            nsd_sequence.s(22)
    nsd_stop_se.o             nsd_stop_se.s(24)
    nsd_stop_bgm.o            nsd_stop_bgm.s(21)
    nsd_play_bgm.o            nsd_play_bgm.s(24)
    nsd_set_dpcm.o            nsd_set_dpcm.s(17)
nsd_work_zp (nsd_work.o):
    nsd_play_se.o             nsd_play_se.s(25)
    nsd_math.o                nsd_math.s(18)
    nsd_snd.o                 nsd_snd.s(28)
    nsd_envelope.o            nsd_envelope.s(27)
    nsd_sequence.o            nsd_sequence.s(23)
    nsd_stop_se.o             nsd_stop_se.s(25)
    nsd_stop_bgm.o            nsd_stop_bgm.s(22)
    nsd_play_bgm.o            nsd_play_bgm.s(25)
    nsd_main.o                nsd_main.s(17)

