Modules list:
-------------
test.o:
    CODE              Offs = 000000   Size = 0003C4
    RODATA            Offs = 000000   Size = 000074
    BSS               Offs = 000000   Size = 000001
    DATA              Offs = 000000   Size = 000000
    ZEROPAGE          Offs = 000000   Size = 000000
    NULL              Offs = 000000   Size = 000000
testmus.o:
    CODE              Offs = 0003C4   Size = 000000
    RODATA            Offs = 000074   Size = 0000E1
    BSS               Offs = 000001   Size = 000000
    DATA              Offs = 000000   Size = 000000
    ZEROPAGE          Offs = 000000   Size = 000000
    NULL              Offs = 000000   Size = 000000
    PCMDATA           Offs = 000000   Size = 0025B1
..\..\lib\\nsd.lib(nsd_init.o):
    CODE              Offs = 0003C4   Size = 00000A
    RODATA            Offs = 000155   Size = 000000
    BSS               Offs = 000001   Size = 000000
    DATA              Offs = 000000   Size = 000000
    ZEROPAGE          Offs = 000000   Size = 000000
    NULL              Offs = 000000   Size = 000000
..\..\lib\\nsd.lib(nsd_set_dpcm.o):
    CODE              Offs = 0003CE   Size = 000007
    RODATA            Offs = 000155   Size = 000000
    BSS               Offs = 000001   Size = 000000
    DATA              Offs = 000000   Size = 000000
    ZEROPAGE          Offs = 000000   Size = 000000
    NULL              Offs = 000000   Size = 000000
..\..\lib\\nsd.lib(nsd_main.o):
    CODE              Offs = 0003D5   Size = 000083
    RODATA            Offs = 000155   Size = 000000
    BSS               Offs = 000001   Size = 000000
    DATA              Offs = 000000   Size = 000000
    ZEROPAGE          Offs = 000000   Size = 000000
    NULL              Offs = 000000   Size = 000000
..\..\lib\\nsd.lib(nsd_play_bgm.o):
    CODE              Offs = 000458   Size = 0000D7
    RODATA            Offs = 000155   Size = 000000
    BSS               Offs = 000001   Size = 000000
    DATA              Offs = 000000   Size = 000000
    ZEROPAGE          Offs = 000000   Size = 000000
    NULL              Offs = 000000   Size = 000000
..\..\lib\\nsd.lib(nsd_stop_bgm.o):
    CODE              Offs = 00052F   Size = 000020
    RODATA            Offs = 000155   Size = 000000
    BSS               Offs = 000001   Size = 000000
    DATA              Offs = 000000   Size = 000000
    ZEROPAGE          Offs = 000000   Size = 000000
    NULL              Offs = 000000   Size = 000000
..\..\lib\\nsd.lib(nsd_pause_bgm.o):
    CODE              Offs = 00054F   Size = 00001B
    RODATA            Offs = 000155   Size = 000000
    BSS               Offs = 000001   Size = 000000
    DATA              Offs = 000000   Size = 000000
    ZEROPAGE          Offs = 000000   Size = 000000
    NULL              Offs = 000000   Size = 000000
..\..\lib\\nsd.lib(nsd_resume_bgm.o):
    CODE              Offs = 00056A   Size = 00003C
    RODATA            Offs = 000155   Size = 000000
    BSS               Offs = 000001   Size = 000000
    DATA              Offs = 000000   Size = 000000
    ZEROPAGE          Offs = 000000   Size = 000000
    NULL              Offs = 000000   Size = 000000
..\..\lib\\nsd.lib(nsd_play_se.o):
    CODE              Offs = 0005A6   Size = 000086
    RODATA            Offs = 000155   Size = 000000
    BSS               Offs = 000001   Size = 000000
    DATA              Offs = 000000   Size = 000000
    ZEROPAGE          Offs = 000000   Size = 000000
    NULL              Offs = 000000   Size = 000000
..\..\lib\\nsd.lib(nsd_stop_se.o):
    CODE              Offs = 00062C   Size = 000024
    RODATA            Offs = 000155   Size = 000000
    BSS               Offs = 000001   Size = 000000
    DATA              Offs = 000000   Size = 000000
    ZEROPAGE          Offs = 000000   Size = 000000
    NULL              Offs = 000000   Size = 000000
..\..\lib\\nsd.lib(nsd_sequence.o):
    CODE              Offs = 000650   Size = 000548
    RODATA            Offs = 000155   Size = 000090
    BSS               Offs = 000001   Size = 000000
    DATA              Offs = 000000   Size = 000000
    ZEROPAGE          Offs = 000000   Size = 000000
    NULL              Offs = 000000   Size = 000000
..\..\lib\\nsd.lib(nsd_envelope.o):
    CODE              Offs = 000B98   Size = 00022E
    RODATA            Offs = 0001E5   Size = 000000
    BSS               Offs = 000001   Size = 000000
    DATA              Offs = 000000   Size = 000000
    ZEROPAGE          Offs = 000000   Size = 000000
    NULL              Offs = 000000   Size = 000000
..\..\lib\\nsd.lib(nsd_snd.o):
    CODE              Offs = 000DC6   Size = 000236
    RODATA            Offs = 0001E5   Size = 000114
    BSS               Offs = 000001   Size = 000000
    DATA              Offs = 000000   Size = 000000
    ZEROPAGE          Offs = 000000   Size = 000000
    NULL              Offs = 000000   Size = 000000
..\..\lib\\nsd.lib(nsd_math.o):
    CODE              Offs = 000FFC   Size = 000069
    RODATA            Offs = 0002F9   Size = 000000
    BSS               Offs = 000001   Size = 000000
    DATA              Offs = 000000   Size = 000000
    ZEROPAGE          Offs = 000000   Size = 000000
    NULL              Offs = 000000   Size = 000000
..\..\lib\\nsd.lib(nsd_work.o):
    CODE              Offs = 001065   Size = 000000
    RODATA            Offs = 0002F9   Size = 000000
    BSS               Offs = 000001   Size = 000134
    DATA              Offs = 000000   Size = 000000
    ZEROPAGE          Offs = 000000   Size = 00002F
    NULL              Offs = 000000   Size = 000000
C:\Program Files\cc65/lib/nes.lib(color.o):
    CODE              Offs = 001065   Size = 00002D
    RODATA            Offs = 0002F9   Size = 000010
    BSS               Offs = 000135   Size = 000000
    DATA              Offs = 000000   Size = 000000
    ZEROPAGE          Offs = 00002F   Size = 000000
    NULL              Offs = 000000   Size = 000000
C:\Program Files\cc65/lib/nes.lib(cputc.o):
    CODE              Offs = 001092   Size = 00003B
    RODATA            Offs = 000309   Size = 000000
    BSS               Offs = 000135   Size = 000000
    DATA              Offs = 000000   Size = 000000
    ZEROPAGE          Offs = 00002F   Size = 000000
    NULL              Offs = 000000   Size = 000000
    INIT              Offs = 000000   Size = 000011
C:\Program Files\cc65/lib/nes.lib(crt0.o):
    CODE              Offs = 0010CD   Size = 000000
    RODATA            Offs = 000309   Size = 000000
    BSS               Offs = 000135   Size = 000000
    DATA              Offs = 000000   Size = 000000
    ZEROPAGE          Offs = 00002F   Size = 000000
    NULL              Offs = 000000   Size = 000000
    HEADER            Offs = 000000   Size = 000010
    STARTUP           Offs = 000000   Size = 00005D
    VECTORS           Offs = 000000   Size = 00000C
    CHARS             Offs = 000000   Size = 001000
C:\Program Files\cc65/lib/nes.lib(ctype.o):
    CODE              Offs = 0010CD   Size = 000000
    RODATA            Offs = 000309   Size = 000100
    BSS               Offs = 000135   Size = 000000
    DATA              Offs = 000000   Size = 000000
    ZEROPAGE          Offs = 00002F   Size = 000000
    NULL              Offs = 000000   Size = 000000
C:\Program Files\cc65/lib/nes.lib(gotoxy.o):
    CODE              Offs = 0010CD   Size = 00000D
    RODATA            Offs = 000409   Size = 000000
    BSS               Offs = 000135   Size = 000000
    DATA              Offs = 000000   Size = 000000
    ZEROPAGE          Offs = 00002F   Size = 000000
    NULL              Offs = 000000   Size = 000000
C:\Program Files\cc65/lib/nes.lib(ppu.o):
    CODE              Offs = 0010DA   Size = 00004D
    RODATA            Offs = 000409   Size = 000020
    BSS               Offs = 000135   Size = 000000
    DATA              Offs = 000000   Size = 000000
    ZEROPAGE          Offs = 00002F   Size = 000000
    NULL              Offs = 000000   Size = 000000
C:\Program Files\cc65/lib/nes.lib(ppubuf.o):
    CODE              Offs = 001127   Size = 0000B0
    RODATA            Offs = 000429   Size = 000000
    BSS               Offs = 000135   Size = 000001
    DATA              Offs = 000000   Size = 000000
    ZEROPAGE          Offs = 00002F   Size = 000000
    NULL              Offs = 000000   Size = 000000
C:\Program Files\cc65/lib/nes.lib(setcursor.o):
    CODE              Offs = 0011D7   Size = 000049
    RODATA            Offs = 000429   Size = 000000
    BSS               Offs = 000136   Size = 000000
    DATA              Offs = 000000   Size = 000000
    ZEROPAGE          Offs = 00002F   Size = 000000
    NULL              Offs = 000000   Size = 000000
C:\Program Files\cc65/lib/nes.lib(waitvblank.o):
    CODE              Offs = 001220   Size = 000006
    RODATA            Offs = 000429   Size = 000000
    BSS               Offs = 000136   Size = 000000
    DATA              Offs = 000000   Size = 000000
    ZEROPAGE          Offs = 00002F   Size = 000000
    NULL              Offs = 000000   Size = 000000
C:\Program Files\cc65/lib/nes.lib(_hextab.o):
    CODE              Offs = 001226   Size = 000000
    RODATA            Offs = 000429   Size = 000010
    BSS               Offs = 000136   Size = 000000
    DATA              Offs = 000000   Size = 000000
    ZEROPAGE          Offs = 00002F   Size = 000000
    NULL              Offs = 000000   Size = 000000
C:\Program Files\cc65/lib/nes.lib(_printf.o):
    CODE              Offs = 001226   Size = 0003A5
    RODATA            Offs = 000439   Size = 000000
    BSS               Offs = 000136   Size = 00002B
    DATA              Offs = 000000   Size = 000003
    ZEROPAGE          Offs = 00002F   Size = 000000
    NULL              Offs = 000000   Size = 000000
C:\Program Files\cc65/lib/nes.lib(copydata.o):
    CODE              Offs = 0015CB   Size = 00002D
    RODATA            Offs = 000439   Size = 000000
    BSS               Offs = 000161   Size = 000000
    DATA              Offs = 000003   Size = 000000
    ZEROPAGE          Offs = 00002F   Size = 000000
    NULL              Offs = 000000   Size = 000000
C:\Program Files\cc65/lib/nes.lib(ltoa.o):
    CODE              Offs = 0015F8   Size = 0000AF
    RODATA            Offs = 000439   Size = 00000C
    BSS               Offs = 000161   Size = 000000
    DATA              Offs = 000003   Size = 000000
    ZEROPAGE          Offs = 00002F   Size = 000000
    NULL              Offs = 000000   Size = 000000
C:\Program Files\cc65/lib/nes.lib(strlen.o):
    CODE              Offs = 0016A7   Size = 000016
    RODATA            Offs = 000445   Size = 000000
    BSS               Offs = 000161   Size = 000000
    DATA              Offs = 000003   Size = 000000
    ZEROPAGE          Offs = 00002F   Size = 000000
    NULL              Offs = 000000   Size = 000000
C:\Program Files\cc65/lib/nes.lib(strlower.o):
    CODE              Offs = 0016BD   Size = 000028
    RODATA            Offs = 000445   Size = 000000
    BSS               Offs = 000161   Size = 000000
    DATA              Offs = 000003   Size = 000000
    ZEROPAGE          Offs = 00002F   Size = 000000
    NULL              Offs = 000000   Size = 000000
C:\Program Files\cc65/lib/nes.lib(zerobss.o):
    CODE              Offs = 0016E5   Size = 000000
    RODATA            Offs = 000445   Size = 000000
    BSS               Offs = 000161   Size = 000000
    DATA              Offs = 000003   Size = 000000
    ZEROPAGE          Offs = 00002F   Size = 000000
    NULL              Offs = 000000   Size = 000000
    INIT              Offs = 000011   Size = 000023
C:\Program Files\cc65/lib/nes.lib(addysp.o):
    CODE              Offs = 0016E5   Size = 00000E
    RODATA            Offs = 000445   Size = 000000
    BSS               Offs = 000161   Size = 000000
    DATA              Offs = 000003   Size = 000000
    ZEROPAGE          Offs = 00002F   Size = 000000
    NULL              Offs = 000000   Size = 000000
C:\Program Files\cc65/lib/nes.lib(aslax1.o):
    CODE              Offs = 0016F3   Size = 000008
    RODATA            Offs = 000445   Size = 000000
    BSS               Offs = 000161   Size = 000000
    DATA              Offs = 000003   Size = 000000
    ZEROPAGE          Offs = 00002F   Size = 000000
    NULL              Offs = 000000   Size = 000000
C:\Program Files\cc65/lib/nes.lib(axlong.o):
    CODE              Offs = 0016FB   Size = 000012
    RODATA            Offs = 000445   Size = 000000
    BSS               Offs = 000161   Size = 000000
    DATA              Offs = 000003   Size = 000000
    ZEROPAGE          Offs = 00002F   Size = 000000
    NULL              Offs = 000000   Size = 000000
C:\Program Files\cc65/lib/nes.lib(callmain.o):
    CODE              Offs = 00170D   Size = 000017
    RODATA            Offs = 000445   Size = 000000
    BSS               Offs = 000161   Size = 000004
    DATA              Offs = 000003   Size = 000000
    ZEROPAGE          Offs = 00002F   Size = 000000
    NULL              Offs = 000000   Size = 000000
C:\Program Files\cc65/lib/nes.lib(condes.o):
    CODE              Offs = 001724   Size = 00000C
    RODATA            Offs = 000445   Size = 000000
    BSS               Offs = 000165   Size = 000000
    DATA              Offs = 000003   Size = 000025
    ZEROPAGE          Offs = 00002F   Size = 000000
    NULL              Offs = 000000   Size = 000000
    INIT              Offs = 000034   Size = 00000C
C:\Program Files\cc65/lib/nes.lib(decsp4.o):
    CODE              Offs = 001730   Size = 00000D
    RODATA            Offs = 000445   Size = 000000
    BSS               Offs = 000165   Size = 000000
    DATA              Offs = 000028   Size = 000000
    ZEROPAGE          Offs = 00002F   Size = 000000
    NULL              Offs = 000000   Size = 000000
C:\Program Files\cc65/lib/nes.lib(decsp6.o):
    CODE              Offs = 00173D   Size = 00000D
    RODATA            Offs = 000445   Size = 000000
    BSS               Offs = 000165   Size = 000000
    DATA              Offs = 000028   Size = 000000
    ZEROPAGE          Offs = 00002F   Size = 000000
    NULL              Offs = 000000   Size = 000000
C:\Program Files\cc65/lib/nes.lib(icmp.o):
    CODE              Offs = 00174A   Size = 00002E
    RODATA            Offs = 000445   Size = 000000
    BSS               Offs = 000165   Size = 000000
    DATA              Offs = 000028   Size = 000000
    ZEROPAGE          Offs = 00002F   Size = 000000
    NULL              Offs = 000000   Size = 000000
C:\Program Files\cc65/lib/nes.lib(incaxy.o):
    CODE              Offs = 001778   Size = 00000B
    RODATA            Offs = 000445   Size = 000000
    BSS               Offs = 000165   Size = 000000
    DATA              Offs = 000028   Size = 000000
    ZEROPAGE          Offs = 00002F   Size = 000000
    NULL              Offs = 000000   Size = 000000
C:\Program Files\cc65/lib/nes.lib(incsp1.o):
    CODE              Offs = 001783   Size = 000007
    RODATA            Offs = 000445   Size = 000000
    BSS               Offs = 000165   Size = 000000
    DATA              Offs = 000028   Size = 000000
    ZEROPAGE          Offs = 00002F   Size = 000000
    NULL              Offs = 000000   Size = 000000
C:\Program Files\cc65/lib/nes.lib(incsp2.o):
    CODE              Offs = 00178A   Size = 000016
    RODATA            Offs = 000445   Size = 000000
    BSS               Offs = 000165   Size = 000000
    DATA              Offs = 000028   Size = 000000
    ZEROPAGE          Offs = 00002F   Size = 000000
    NULL              Offs = 000000   Size = 000000
C:\Program Files\cc65/lib/nes.lib(incsp3.o):
    CODE              Offs = 0017A0   Size = 000005
    RODATA            Offs = 000445   Size = 000000
    BSS               Offs = 000165   Size = 000000
    DATA              Offs = 000028   Size = 000000
    ZEROPAGE          Offs = 00002F   Size = 000000
    NULL              Offs = 000000   Size = 000000
C:\Program Files\cc65/lib/nes.lib(lpush.o):
    CODE              Offs = 0017A5   Size = 00001E
    RODATA            Offs = 000445   Size = 000000
    BSS               Offs = 000165   Size = 000000
    DATA              Offs = 000028   Size = 000000
    ZEROPAGE          Offs = 00002F   Size = 000000
    NULL              Offs = 000000   Size = 000000
C:\Program Files\cc65/lib/nes.lib(makebool.o):
    CODE              Offs = 0017C3   Size = 000031
    RODATA            Offs = 000445   Size = 000000
    BSS               Offs = 000165   Size = 000000
    DATA              Offs = 000028   Size = 000000
    ZEROPAGE          Offs = 00002F   Size = 000000
    NULL              Offs = 000000   Size = 000000
C:\Program Files\cc65/lib/nes.lib(ne.o):
    CODE              Offs = 0017F4   Size = 00000A
    RODATA            Offs = 000445   Size = 000000
    BSS               Offs = 000165   Size = 000000
    DATA              Offs = 000028   Size = 000000
    ZEROPAGE          Offs = 00002F   Size = 000000
    NULL              Offs = 000000   Size = 000000
C:\Program Files\cc65/lib/nes.lib(or.o):
    CODE              Offs = 0017FE   Size = 000012
    RODATA            Offs = 000445   Size = 000000
    BSS               Offs = 000165   Size = 000000
    DATA              Offs = 000028   Size = 000000
    ZEROPAGE          Offs = 00002F   Size = 000000
    NULL              Offs = 000000   Size = 000000
C:\Program Files\cc65/lib/nes.lib(popa.o):
    CODE              Offs = 001810   Size = 00000C
    RODATA            Offs = 000445   Size = 000000
    BSS               Offs = 000165   Size = 000000
    DATA              Offs = 000028   Size = 000000
    ZEROPAGE          Offs = 00002F   Size = 000000
    NULL              Offs = 000000   Size = 000000
C:\Program Files\cc65/lib/nes.lib(push1.o):
    CODE              Offs = 00181C   Size = 000005
    RODATA            Offs = 000445   Size = 000000
    BSS               Offs = 000165   Size = 000000
    DATA              Offs = 000028   Size = 000000
    ZEROPAGE          Offs = 00002F   Size = 000000
    NULL              Offs = 000000   Size = 000000
C:\Program Files\cc65/lib/nes.lib(pusha.o):
    CODE              Offs = 001821   Size = 000016
    RODATA            Offs = 000445   Size = 000000
    BSS               Offs = 000165   Size = 000000
    DATA              Offs = 000028   Size = 000000
    ZEROPAGE          Offs = 00002F   Size = 000000
    NULL              Offs = 000000   Size = 000000
C:\Program Files\cc65/lib/nes.lib(pushax.o):
    CODE              Offs = 001837   Size = 00001A
    RODATA            Offs = 000445   Size = 000000
    BSS               Offs = 000165   Size = 000000
    DATA              Offs = 000028   Size = 000000
    ZEROPAGE          Offs = 00002F   Size = 000000
    NULL              Offs = 000000   Size = 000000
C:\Program Files\cc65/lib/nes.lib(return0.o):
    CODE              Offs = 001851   Size = 000004
    RODATA            Offs = 000445   Size = 000000
    BSS               Offs = 000165   Size = 000000
    DATA              Offs = 000028   Size = 000000
    ZEROPAGE          Offs = 00002F   Size = 000000
    NULL              Offs = 000000   Size = 000000
C:\Program Files\cc65/lib/nes.lib(zeropage.o):
    CODE              Offs = 001855   Size = 000000
    RODATA            Offs = 000445   Size = 000000
    BSS               Offs = 000165   Size = 000000
    DATA              Offs = 000028   Size = 000000
    ZEROPAGE          Offs = 00002F   Size = 00001A
    NULL              Offs = 000000   Size = 000000
    EXTZP             Offs = 000000   Size = 000000
C:\Program Files\cc65/lib/nes.lib(cprintf.o):
    CODE              Offs = 001855   Size = 00002A
    RODATA            Offs = 000445   Size = 000000
    BSS               Offs = 000165   Size = 000001
    DATA              Offs = 000028   Size = 000000
    ZEROPAGE          Offs = 000049   Size = 000000
    NULL              Offs = 000000   Size = 000000
C:\Program Files\cc65/lib/nes.lib(vcprintf.o):
    CODE              Offs = 00187F   Size = 00007E
    RODATA            Offs = 000445   Size = 000000
    BSS               Offs = 000166   Size = 000000
    DATA              Offs = 000028   Size = 000008
    ZEROPAGE          Offs = 000049   Size = 000000
    NULL              Offs = 000000   Size = 000000


Segment list:
-------------
Name                  Start   End     Size
--------------------------------------------
CHARS                 000000  000FFF  001000
EXTZP                 000000  000000  000000
HEADER                000000  00000F  000010
NULL                  000000  000000  000000
ZEROPAGE              000002  00004A  000049
DATA                  006000  00602F  000030
BSS                   006030  006195  000166
STARTUP               008000  00805C  00005D
INIT                  00805D  00809E  000042
CODE                  00809F  00999B  0018FD
RODATA                00999C  009DE1  000446
PCMDATA               00C000  00E5B0  0025B1
VECTORS               00FFF6  010001  00000C


Exports list:
-------------
_Test_BGM0                009ABC RLA    _Test_DPCMinfo            009A10 RLA    
__BSS_LOAD__              006030  LA    __BSS_RUN__               006030 RLA    
__BSS_SIZE__              000166 REA    __CODE_LOAD__             00809F  LA    
__CODE_RUN__              00809F  LA    __CODE_SIZE__             0018FD  EA    
__CONSTRUCTOR_COUNT__     000001 REA    __CONSTRUCTOR_TABLE__     00809D RLA    
__DATA_LOAD__             009DE2 RLA    __DATA_RUN__              006000 RLA    
__DATA_SIZE__             000030 REA    __DESTRUCTOR_COUNT__      000000 REA    
__DESTRUCTOR_TABLE__      009DE2 RLA    __INIT_LOAD__             00805D  LA    
__INIT_RUN__              00805D  LA    __INIT_SIZE__             000042  EA    
__PCMDATA_LOAD__          00C000  LA    __PCMDATA_RUN__           00C000  LA    
__PCMDATA_SIZE__          0025B1  EA    __RAM_LAST__              006196  LA    
__RAM_SIZE__              002000  EA    __RAM_START__             006000  LA    
__RODATA_LOAD__           00999C  LA    __RODATA_RUN__            00999C  LA    
__RODATA_SIZE__           000446  EA    __ROM0_LAST__             009E12  LA    
__ROM0_SIZE__             004000  EA    __ROM0_START__            008000  LA    
__ROM1_LAST__             00E5B1  LA    __ROM1_SIZE__             003FF4  EA    
__ROM1_START__            00C000  LA    __SRAM_LAST__             000500  LA    
__SRAM_SIZE__             000300 REA    __SRAM_START__            000500 RLA    
__STACKSIZE__             000300  EA    __STARTUP_LOAD__          008000  LA    
__STARTUP_RUN__           008000  LA    __STARTUP_SIZE__          00005D  EA    
__STARTUP__               000001 REA    __ZP_LAST__               00004B  LA    
__ZP_SIZE__               000060  EA    __ZP_START__              000002  LA    
__argc                    006191  LA    __argv                    006193  LA    
__ctype                   009CA5 RLA    __hextab                  009DC5 RLA    
__printf                  0093B8 RLA    _bgcolor                  009104 RLA    
_bordercolor              0098F0  EA    _cprintf                  0098F4 RLA    
_cputc                    009139 RLA    _cputcxy                  009131  LA    
_exit                     00802F  LA    _gotoxy                   00916C RLA    
_inkey                    0081D6  LA    _ltoa                     0096B3 RLA    
_main                     008213 RLA    _nsd_div192               00909B RLA    
_nsd_dpcm_calc            008E8B  LA    _nsd_init                 008463 RLA    
_nsd_main                 008474 RLA    _nsd_mul                  0090DB RLA    
_nsd_pause                008600  LA    _nsd_pause_bgm            0085EE RLA    
_nsd_play                 008550 RLA    _nsd_play_bgm             0084F7 RLA    
_nsd_play_se              008645 RLA    _nsd_resume_bgm           008609 RLA    
_nsd_set_dpcm             00846D RLA    _nsd_snd_frequency        008FA8 RLA    
_nsd_snd_init             008E65 RLA    _nsd_snd_keyoff           008EF9 RLA    
_nsd_snd_keyon            008EA6 RLA    _nsd_snd_sweep            008F89 RLA    
_nsd_snd_voice            008F19 RLA    _nsd_snd_volume           008F56 RLA    
_nsd_stop_bgm             0085CE RLA    _nsd_stop_se              0086CB RLA    
_read_key                 00809F  LA    _strlen                   009746 RLA    
_strlower                 00975C RLA    _strlwr                   00975C  LA    
_textcolor                0098F0  EA    _ultoa                    00970A RLA    
_vcprintf                 00996C RLA    _waitvblank               0092BF RLA    
addysp                    009785 RLA    addysp1                   009784 RLA    
aslax1                    009792  LA    axlong                    0097A1 RLA    
axulong                   00979A RLA    booleq                    009868  LA    
boolge                    009878  LA    boolgt                    009876  LA    
boolle                    00986E  LA    boollt                    009870  LA    
boolne                    009862 RLA    booluge                   009888  LA    
boolugt                   009886  LA    boolule                   00987E  LA    
boolult                   009880  LA    callmain                  0097AC RLA    
condes                    006003  LA    conioinit                 00805D  LAI   
copydata                  00966A RLA    cputdirect                009147  LA    
decsp4                    0097CF RLA    decsp6                    0097DC RLA    
donelib                   0097C3 RLA    incax4                    009817  LA    
incaxy                    009819 RLA    incsp1                    009822 RLA    
incsp2                    009831  LA    incsp3                    00983F RLA    
initlib                   008091 RLA    newline                   00915A  LA    
nsd_envelop               008C37 RLA    nsd_sequence              008816 RLA    
nsd_work                  006031 RLA    nsd_work_zp               000002 RLZ    
paletteinit               0091A9 RLA    popa                      0098AF RLA    
popax                     009829 RLA    ppubuf_flush              0091F2 RLA    
ppubuf_put                0091D2 RLA    ppubuf_wait               0091CB  LA    
ppubuf_waitempty          0091C6  LA    ppuinit                   009179 RLA    
ptr1                      000039 RLZ    ptr2                      00003B RLZ    
ptr3                      00003D RLZ    ptr4                      00003F  LZ    
push0                     0098D6  LA    push0ax                   009844  LA    
push1                     0098BB RLA    pusha                     0098C4 RLA    
pusha0                    0098D8 RLA    pusha0sp                  0098C0  LA    
pushax                    0098DA RLA    pushaysp                  0098C2  LA    
pusheax                   00984A RLA    putchar                   009163  LA    
regbank                   000045 RLZ    regsave                   000035  LZ    
return0                   0098F0 RLA    setcursor                 009276 RLA    
shlax1                    009792 RLA    sp                        000031 RLZ    
sreg                      000033 RLZ    tmp1                      000041 RLZ    
tmp2                      000042  LZ    tmp3                      000043  LZ    
tmp4                      000044  LZ    tosicmp                   0097EB RLA    
tosicmp0                  0097E9  LA    tosne00                   009893  LA    
tosnea0                   009895  LA    tosneax                   009897 RLA    
tosora0                   00989D  LA    tosorax                   00989F RLA    
zerobss                   00806E RLA    


Imports list:
-------------
_Test_BGM0 (testmus.o):
    test.o                    test.s(24)
_Test_DPCMinfo (testmus.o):
    test.o                    test.s(25)
__BSS_LOAD__ ([linker generated]):
__BSS_RUN__ ([linker generated]):
    zerobss.o                 zerobss.s(8)
__BSS_SIZE__ ([linker generated]):
    zerobss.o                 zerobss.s(8)
__CODE_LOAD__ ([linker generated]):
__CODE_RUN__ ([linker generated]):
__CODE_SIZE__ ([linker generated]):
__CONSTRUCTOR_COUNT__ ([linker generated]):
    condes.o                  condes.s(18)
__CONSTRUCTOR_TABLE__ ([linker generated]):
    condes.o                  condes.s(18)
__DATA_LOAD__ ([linker generated]):
    copydata.o                copydata.s(8)
__DATA_RUN__ ([linker generated]):
    copydata.o                copydata.s(8)
__DATA_SIZE__ ([linker generated]):
    copydata.o                copydata.s(8)
__DESTRUCTOR_COUNT__ ([linker generated]):
    condes.o                  condes.s(19)
__DESTRUCTOR_TABLE__ ([linker generated]):
    condes.o                  condes.s(19)
__INIT_LOAD__ ([linker generated]):
__INIT_RUN__ ([linker generated]):
__INIT_SIZE__ ([linker generated]):
__PCMDATA_LOAD__ ([linker generated]):
__PCMDATA_RUN__ ([linker generated]):
__PCMDATA_SIZE__ ([linker generated]):
__RAM_LAST__ ([linker generated]):
__RAM_SIZE__ ([linker generated]):
__RAM_START__ ([linker generated]):
__RODATA_LOAD__ ([linker generated]):
__RODATA_RUN__ ([linker generated]):
__RODATA_SIZE__ ([linker generated]):
__ROM0_LAST__ ([linker generated]):
__ROM0_SIZE__ ([linker generated]):
__ROM0_START__ ([linker generated]):
__ROM1_LAST__ ([linker generated]):
__ROM1_SIZE__ ([linker generated]):
__ROM1_START__ ([linker generated]):
__SRAM_LAST__ ([linker generated]):
__SRAM_SIZE__ ([linker generated]):
    crt0.o                    crt0.s(16)
__SRAM_START__ ([linker generated]):
    crt0.o                    crt0.s(16)
__STACKSIZE__ ([linker generated]):
__STARTUP_LOAD__ ([linker generated]):
__STARTUP_RUN__ ([linker generated]):
__STARTUP_SIZE__ ([linker generated]):
__STARTUP__ (crt0.o):
    test.o                    test.s(12)
__ZP_LAST__ ([linker generated]):
__ZP_SIZE__ ([linker generated]):
__ZP_START__ ([linker generated]):
__argc (callmain.o):
__argv (callmain.o):
__ctype (ctype.o):
    strlower.o                strlower.s(12)
__hextab (_hextab.o):
    ltoa.o                    ltoa.s(10)
__printf (_printf.o):
    vcprintf.o                vcprintf.s(9)
_bgcolor (color.o):
    test.o                    test.s(16)
_bordercolor (color.o):
_cprintf (cprintf.o):
    test.o                    test.s(15)
_cputc (cputc.o):
    vcprintf.o                vcprintf.s(9)
_cputcxy (cputc.o):
_exit (crt0.o):
_gotoxy (gotoxy.o):
    cputc.o                   cputc.s(12)
    test.o                    test.s(14)
_inkey (test.o):
_ltoa (ltoa.o):
    _printf.o                 _printf.s(10)
_main (test.o):
    callmain.o                callmain.s(11)
_nsd_div192 (nsd_math.o):
    nsd_snd.o                 nsd_snd.s(19)
_nsd_dpcm_calc (nsd_snd.o):
_nsd_init (nsd_init.o):
    test.o                    test.s(18)
_nsd_main (nsd_main.o):
    test.o                    test.s(17)
_nsd_mul (nsd_math.o):
    nsd_envelope.o            nsd_envelope.s(14)
_nsd_pause (nsd_pause_bgm.o):
_nsd_pause_bgm (nsd_pause_bgm.o):
    test.o                    test.s(22)
_nsd_play (nsd_play_bgm.o):
    nsd_play_se.o             nsd_play_se.s(11)
_nsd_play_bgm (nsd_play_bgm.o):
    test.o                    test.s(20)
_nsd_play_se (nsd_play_se.o):
    nsd_sequence.o            nsd_sequence.s(15)
_nsd_resume_bgm (nsd_resume_bgm.o):
    test.o                    test.s(23)
_nsd_set_dpcm (nsd_set_dpcm.o):
    test.o                    test.s(19)
_nsd_snd_frequency (nsd_snd.o):
    nsd_envelope.o            nsd_envelope.s(13)
_nsd_snd_init (nsd_snd.o):
    nsd_init.o                nsd_init.s(14)
_nsd_snd_keyoff (nsd_snd.o):
    nsd_sequence.o            nsd_sequence.s(12)
    nsd_stop_se.o             nsd_stop_se.s(16)
    nsd_pause_bgm.o           nsd_pause_bgm.s(13)
    nsd_stop_bgm.o            nsd_stop_bgm.s(13)
_nsd_snd_keyon (nsd_snd.o):
    nsd_sequence.o            nsd_sequence.s(11)
_nsd_snd_sweep (nsd_snd.o):
    nsd_sequence.o            nsd_sequence.s(13)
_nsd_snd_voice (nsd_snd.o):
    nsd_envelope.o            nsd_envelope.s(11)
    nsd_sequence.o            nsd_sequence.s(14)
_nsd_snd_volume (nsd_snd.o):
    nsd_envelope.o            nsd_envelope.s(12)
    nsd_stop_se.o             nsd_stop_se.s(15)
    nsd_pause_bgm.o           nsd_pause_bgm.s(12)
    nsd_stop_bgm.o            nsd_stop_bgm.s(12)
_nsd_stop_bgm (nsd_stop_bgm.o):
    nsd_play_bgm.o            nsd_play_bgm.s(12)
    nsd_init.o                nsd_init.s(11)
    test.o                    test.s(21)
_nsd_stop_se (nsd_stop_se.o):
    nsd_init.o                nsd_init.s(12)
_read_key (test.o):
_strlen (strlen.o):
    _printf.o                 _printf.s(11)
_strlower (strlower.o):
    _printf.o                 _printf.s(11)
_strlwr (strlower.o):
_textcolor (color.o):
_ultoa (ltoa.o):
    _printf.o                 _printf.s(10)
_vcprintf (vcprintf.o):
    cprintf.o                 cprintf.s(8)
_waitvblank (waitvblank.o):
    test.o                    test.s(13)
addysp (addysp.o):
    cprintf.o                 cprintf.s(8)
    incsp3.o                  incsp3.s(8)
addysp1 (addysp.o):
    or.o                      or.s(8)
aslax1 (aslax1.o):
axlong (axlong.o):
    _printf.o                 _printf.s(9)
axulong (axlong.o):
    _printf.o                 _printf.s(9)
booleq (makebool.o):
boolge (makebool.o):
boolgt (makebool.o):
boolle (makebool.o):
boollt (makebool.o):
boolne (makebool.o):
    ne.o                      ne.s(8)
booluge (makebool.o):
boolugt (makebool.o):
boolule (makebool.o):
boolult (makebool.o):
callmain (callmain.o):
    crt0.o                    crt0.s(10)
condes (condes.o):
conioinit (cputc.o):
copydata (copydata.o):
    crt0.o                    crt0.s(11)
cputdirect (cputc.o):
decsp4 (decsp4.o):
    lpush.o                   lpush.s(11)
decsp6 (decsp6.o):
    _printf.o                 _printf.s(9)
donelib (condes.o):
    crt0.o                    crt0.s(10)
incax4 (incaxy.o):
incaxy (incaxy.o):
    test.o                    test.s(439)
incsp1 (incsp1.o):
    test.o                    test.s(189)
    test.o                    test.s(232)
incsp2 (incsp2.o):
incsp3 (incsp3.o):
    test.o                    test.s(505)
initlib (condes.o):
    crt0.o                    crt0.s(10)
newline (cputc.o):
nsd_envelop (nsd_envelope.o):
    nsd_main.o                nsd_main.s(15)
nsd_sequence (nsd_sequence.o):
    nsd_main.o                nsd_main.s(14)
nsd_work (nsd_work.o):
    nsd_snd.o                 nsd_snd.s(21)
    nsd_envelope.o            nsd_envelope.s(20)
    nsd_sequence.o            nsd_sequence.s(16)
    nsd_stop_se.o             nsd_stop_se.s(18)
    nsd_resume_bgm.o          nsd_resume_bgm.s(11)
    nsd_stop_bgm.o            nsd_stop_bgm.s(15)
    nsd_play_bgm.o            nsd_play_bgm.s(18)
    nsd_set_dpcm.o            nsd_set_dpcm.s(11)
nsd_work_zp (nsd_work.o):
    nsd_play_se.o             nsd_play_se.s(19)
    nsd_math.o                nsd_math.s(12)
    nsd_snd.o                 nsd_snd.s(22)
    nsd_envelope.o            nsd_envelope.s(21)
    nsd_sequence.o            nsd_sequence.s(17)
    nsd_stop_se.o             nsd_stop_se.s(19)
    nsd_resume_bgm.o          nsd_resume_bgm.s(12)
    nsd_pause_bgm.o           nsd_pause_bgm.s(16)
    nsd_stop_bgm.o            nsd_stop_bgm.s(16)
    nsd_play_bgm.o            nsd_play_bgm.s(19)
    nsd_main.o                nsd_main.s(11)
paletteinit (ppu.o):
    cputc.o                   cputc.s(13)
popa (popa.o):
    cputc.o                   cputc.s(12)
    gotoxy.o                  gotoxy.s(9)
popax (incsp2.o):
    ltoa.o                    ltoa.s(9)
    _printf.o                 _printf.s(9)
    vcprintf.o                vcprintf.s(8)
ppubuf_flush (ppubuf.o):
    crt0.o                    crt0.s(12)
ppubuf_put (ppubuf.o):
    cputc.o                   cputc.s(13)
    color.o                   color.s(12)
ppubuf_wait (ppubuf.o):
ppubuf_waitempty (ppubuf.o):
ppuinit (ppu.o):
    cputc.o                   cputc.s(13)
ptr1 (zeropage.o):
    strlower.o                strlower.s(13)
    strlen.o                  strlen.s(8)
    ltoa.o                    ltoa.s(11)
    _printf.o                 _printf.s(12)
    vcprintf.o                vcprintf.s(10)
    cprintf.o                 cprintf.s(9)
    zerobss.o                 zerobss.s(9)
    copydata.o                copydata.s(9)
ptr2 (zeropage.o):
    strlower.o                strlower.s(13)
    ltoa.o                    ltoa.s(11)
    _printf.o                 _printf.s(12)
    vcprintf.o                vcprintf.s(10)
    copydata.o                copydata.s(9)
ptr3 (zeropage.o):
    ltoa.o                    ltoa.s(11)
    vcprintf.o                vcprintf.s(10)
ptr4 (zeropage.o):
push0 (pushax.o):
push0ax (lpush.o):
push1 (push1.o):
    _printf.o                 _printf.s(9)
pusha (pusha.o):
    test.o                    test.s(53)
    test.o                    test.s(210)
    test.o                    test.s(248)
pusha0 (pushax.o):
    push1.o                   push1.s(8)
pusha0sp (pusha.o):
pushax (pushax.o):
    _printf.o                 _printf.s(9)
    vcprintf.o                vcprintf.s(8)
    cprintf.o                 cprintf.s(8)
    callmain.o                callmain.s(11)
    test.o                    test.s(75)
    test.o                    test.s(213)
    test.o                    test.s(261)
pushaysp (pusha.o):
pusheax (lpush.o):
    _printf.o                 _printf.s(9)
putchar (cputc.o):
regbank (zeropage.o):
    _printf.o                 _printf.s(12)
regsave (zeropage.o):
return0 (return0.o):
    color.o                   color.s(12)
setcursor (setcursor.o):
    cputc.o                   cputc.s(14)
    gotoxy.o                  gotoxy.s(8)
shlax1 (aslax1.o):
    test.o                    test.s(69)
sp (zeropage.o):
    decsp4.o                  decsp4.s(8)
    lpush.o                   lpush.s(12)
    incsp2.o                  incsp2.s(8)
    icmp.o                    icmp.s(9)
    decsp6.o                  decsp6.s(8)
    addysp.o                  addysp.s(8)
    _printf.o                 _printf.s(12)
    vcprintf.o                vcprintf.s(10)
    cprintf.o                 cprintf.s(9)
    pushax.o                  pushax.s(8)
    pusha.o                   pusha.s(8)
    popa.o                    popa.s(8)
    or.o                      or.s(9)
    incsp1.o                  incsp1.s(8)
    crt0.o                    ../../asminc/zeropage.inc(11)
    test.o                    test.s(10)
sreg (zeropage.o):
    lpush.o                   lpush.s(12)
    icmp.o                    icmp.s(9)
    axlong.o                  axlong.s(8)
    ltoa.o                    ltoa.s(11)
    _printf.o                 _printf.s(12)
tmp1 (zeropage.o):
    ltoa.o                    ltoa.s(11)
    _printf.o                 _printf.s(12)
    vcprintf.o                vcprintf.s(10)
    or.o                      or.s(9)
    incaxy.o                  incaxy.s(8)
    aslax1.o                  aslax1.s(8)
    copydata.o                copydata.s(9)
    test.o                    test.s(10)
tmp2 (zeropage.o):
tmp3 (zeropage.o):
tmp4 (zeropage.o):
tosicmp (icmp.o):
    ne.o                      ne.s(8)
tosicmp0 (icmp.o):
tosne00 (ne.o):
tosnea0 (ne.o):
tosneax (ne.o):
    test.o                    test.s(217)
    test.o                    test.s(429)
tosora0 (or.o):
tosorax (or.o):
    test.o                    test.s(80)
zerobss (zerobss.o):
    crt0.o                    crt0.s(11)

