Modules list:
-------------
test.o:
    CODE              Offs = 000000   Size = 000013
    RODATA            Offs = 000000   Size = 000027
    BSS               Offs = 000000   Size = 000000
    DATA              Offs = 000000   Size = 000000
    ZEROPAGE          Offs = 000000   Size = 000000
    NULL              Offs = 000000   Size = 000000
../../lib/nsd.lib(nsd_func.o):
    CODE              Offs = 000013   Size = 0000F4
    RODATA            Offs = 000027   Size = 000000
    BSS               Offs = 000000   Size = 000000
    DATA              Offs = 000000   Size = 000000
    ZEROPAGE          Offs = 000000   Size = 000000
    NULL              Offs = 000000   Size = 000000
../../lib/nsd.lib(nsd_main.o):
    CODE              Offs = 000107   Size = 000067
    RODATA            Offs = 000027   Size = 000000
    BSS               Offs = 000000   Size = 000000
    DATA              Offs = 000000   Size = 000000
    ZEROPAGE          Offs = 000000   Size = 000000
    NULL              Offs = 000000   Size = 000000
../../lib/nsd.lib(nsd_seq.o):
    CODE              Offs = 00016E   Size = 000469
    RODATA            Offs = 000027   Size = 000090
    BSS               Offs = 000000   Size = 000000
    DATA              Offs = 000000   Size = 000000
    ZEROPAGE          Offs = 000000   Size = 000000
    NULL              Offs = 000000   Size = 000000
../../lib/nsd.lib(nsd_env.o):
    CODE              Offs = 0005D7   Size = 0001CD
    RODATA            Offs = 0000B7   Size = 000000
    BSS               Offs = 000000   Size = 000000
    DATA              Offs = 000000   Size = 000000
    ZEROPAGE          Offs = 000000   Size = 000000
    NULL              Offs = 000000   Size = 000000
../../lib/nsd.lib(nsd_snd.o):
    CODE              Offs = 0007A4   Size = 0001EF
    RODATA            Offs = 0000B7   Size = 000114
    BSS               Offs = 000000   Size = 000000
    DATA              Offs = 000000   Size = 000000
    ZEROPAGE          Offs = 000000   Size = 000000
    NULL              Offs = 000000   Size = 000000
../../lib/nsd.lib(nsd_math.o):
    CODE              Offs = 000993   Size = 000073
    RODATA            Offs = 0001CB   Size = 000000
    BSS               Offs = 000000   Size = 000000
    DATA              Offs = 000000   Size = 000000
    ZEROPAGE          Offs = 000000   Size = 000000
    NULL              Offs = 000000   Size = 000000
../../lib/nsd.lib(nsd_work.o):
    CODE              Offs = 000A06   Size = 000000
    RODATA            Offs = 0001CB   Size = 000000
    BSS               Offs = 000000   Size = 000142
    DATA              Offs = 000000   Size = 000000
    ZEROPAGE          Offs = 000000   Size = 000030
    NULL              Offs = 000000   Size = 000000
C:\Program Files\cc65/lib/nes.lib(crt0.o):
    CODE              Offs = 000A06   Size = 000000
    RODATA            Offs = 0001CB   Size = 000000
    BSS               Offs = 000142   Size = 000000
    DATA              Offs = 000000   Size = 000000
    ZEROPAGE          Offs = 000030   Size = 000000
    NULL              Offs = 000000   Size = 000000
    HEADER            Offs = 000000   Size = 000010
    STARTUP           Offs = 000000   Size = 00005D
    VECTORS           Offs = 000000   Size = 00000C
    CHARS             Offs = 000000   Size = 001000
C:\Program Files\cc65/lib/nes.lib(ppubuf.o):
    CODE              Offs = 000A06   Size = 0000B0
    RODATA            Offs = 0001CB   Size = 000000
    BSS               Offs = 000142   Size = 000001
    DATA              Offs = 000000   Size = 000000
    ZEROPAGE          Offs = 000030   Size = 000000
    NULL              Offs = 000000   Size = 000000
C:\Program Files\cc65/lib/nes.lib(waitvblank.o):
    CODE              Offs = 000AB6   Size = 000006
    RODATA            Offs = 0001CB   Size = 000000
    BSS               Offs = 000143   Size = 000000
    DATA              Offs = 000000   Size = 000000
    ZEROPAGE          Offs = 000030   Size = 000000
    NULL              Offs = 000000   Size = 000000
C:\Program Files\cc65/lib/nes.lib(copydata.o):
    CODE              Offs = 000ABC   Size = 00002D
    RODATA            Offs = 0001CB   Size = 000000
    BSS               Offs = 000143   Size = 000000
    DATA              Offs = 000000   Size = 000000
    ZEROPAGE          Offs = 000030   Size = 000000
    NULL              Offs = 000000   Size = 000000
C:\Program Files\cc65/lib/nes.lib(zerobss.o):
    CODE              Offs = 000AE9   Size = 000000
    RODATA            Offs = 0001CB   Size = 000000
    BSS               Offs = 000143   Size = 000000
    DATA              Offs = 000000   Size = 000000
    ZEROPAGE          Offs = 000030   Size = 000000
    NULL              Offs = 000000   Size = 000000
    INIT              Offs = 000000   Size = 000023
C:\Program Files\cc65/lib/nes.lib(callmain.o):
    CODE              Offs = 000AE9   Size = 000017
    RODATA            Offs = 0001CB   Size = 000000
    BSS               Offs = 000143   Size = 000004
    DATA              Offs = 000000   Size = 000000
    ZEROPAGE          Offs = 000030   Size = 000000
    NULL              Offs = 000000   Size = 000000
C:\Program Files\cc65/lib/nes.lib(condes.o):
    CODE              Offs = 000B00   Size = 00000C
    RODATA            Offs = 0001CB   Size = 000000
    BSS               Offs = 000147   Size = 000000
    DATA              Offs = 000000   Size = 000025
    ZEROPAGE          Offs = 000030   Size = 000000
    NULL              Offs = 000000   Size = 000000
    INIT              Offs = 000023   Size = 00000C
C:\Program Files\cc65/lib/nes.lib(pushax.o):
    CODE              Offs = 000B0C   Size = 00001A
    RODATA            Offs = 0001CB   Size = 000000
    BSS               Offs = 000147   Size = 000000
    DATA              Offs = 000025   Size = 000000
    ZEROPAGE          Offs = 000030   Size = 000000
    NULL              Offs = 000000   Size = 000000
C:\Program Files\cc65/lib/nes.lib(zeropage.o):
    CODE              Offs = 000B26   Size = 000000
    RODATA            Offs = 0001CB   Size = 000000
    BSS               Offs = 000147   Size = 000000
    DATA              Offs = 000025   Size = 000000
    ZEROPAGE          Offs = 000030   Size = 00001A
    NULL              Offs = 000000   Size = 000000
    EXTZP             Offs = 000000   Size = 000000


Segment list:
-------------
Name                  Start   End     Size
--------------------------------------------
CHARS                 000000  000FFF  001000
EXTZP                 000000  000000  000000
HEADER                000000  00000F  000010
NULL                  000000  000000  000000
ZEROPAGE              000002  00004B  00004A
DATA                  006000  006024  000025
BSS                   006025  00616B  000147
STARTUP               008000  00805C  00005D
INIT                  00805D  00808C  000030
CODE                  00808D  008BB2  000B26
RODATA                008BB3  008D7E  0001CC
VECTORS               00FFF6  010001  00000C


Exports list:
-------------
__BSS_LOAD__              006025  LA    __BSS_RUN__               006025 RLA    
__BSS_SIZE__              000147 REA    __CODE_LOAD__             00808D  LA    
__CODE_RUN__              00808D  LA    __CODE_SIZE__             000B26  EA    
__CONSTRUCTOR_COUNT__     000000 REA    __CONSTRUCTOR_TABLE__     00808D RLA    
__DATA_LOAD__             008D7F RLA    __DATA_RUN__              006000 RLA    
__DATA_SIZE__             000025 REA    __DESTRUCTOR_COUNT__      000000 REA    
__DESTRUCTOR_TABLE__      008D7F RLA    __INIT_LOAD__             00805D  LA    
__INIT_RUN__              00805D  LA    __INIT_SIZE__             000030  EA    
__RAM_LAST__              00616C  LA    __RAM_SIZE__              002000  EA    
__RAM_START__             006000  LA    __RODATA_LOAD__           008BB3  LA    
__RODATA_RUN__            008BB3  LA    __RODATA_SIZE__           0001CC  EA    
__ROM0_LAST__             008DA4  LA    __ROM0_SIZE__             007FF4  EA    
__ROM0_START__            008000  LA    __SRAM_LAST__             000500  LA    
__SRAM_SIZE__             000300 REA    __SRAM_START__            000500 RLA    
__STACKSIZE__             000300  EA    __STARTUP_LOAD__          008000  LA    
__STARTUP_RUN__           008000  LA    __STARTUP_SIZE__          00005D  EA    
__STARTUP__               000001 REA    __ZP_LAST__               00004C  LA    
__ZP_SIZE__               000060  EA    __ZP_START__              000002  LA    
__argc                    006168  LA    __argv                    00616A  LA    
_exit                     00802F  LA    _main                     00808D RLA    
_nsd_div192               008A20 RLA    _nsd_init                 0080A0 RLA    
_nsd_main                 008194 RLA    _nsd_mul                  008A60 RLA    
_nsd_play_bgm             0080AA RLA    _nsd_snd_frequency        0088AA RLA    
_nsd_snd_init             008831 RLA    _nsd_snd_keyoff           008844 RLA    
_nsd_snd_keyon            008834 RLA    _nsd_snd_sweep            008887 RLA    
_nsd_snd_voice            008854 RLA    _nsd_snd_volume           008864 RLA    
_nsd_stop_bgm             008160  LA    _nsd_stop_se              00817A  LA    
_waitvblank               008B43 RLA    callmain                  008B76 RLA    
condes                    006000  LA    copydata                  008B49 RLA    
donelib                   008B8D RLA    initlib                   008080 RLA    
nsd_envelop               008664 RLA    nsd_sequence              0082C3 RLA    
nsd_work                  006025 RLA    nsd_work_zp               000002 RLZ    
ppubuf_flush              008ABF RLA    ppubuf_put                008A9F  LA    
ppubuf_wait               008A98  LA    ppubuf_waitempty          008A93  LA    
ptr1                      00003A RLZ    ptr2                      00003C RLZ    
ptr3                      00003E  LZ    ptr4                      000040  LZ    
push0                     008B99  LA    pusha0                    008B9B  LA    
pushax                    008B9D RLA    regbank                   000046  LZ    
regsave                   000036  LZ    sp                        000032 RLZ    
sreg                      000034  LZ    tmp1                      000042 RLZ    
tmp2                      000043  LZ    tmp3                      000044  LZ    
tmp4                      000045  LZ    zerobss                   00805D RLA    



Imports list:
-------------
__BSS_LOAD__ ([linker generated]):
__BSS_RUN__ ([linker generated]):
    zerobss.o                 zerobss.s(8)
__BSS_SIZE__ ([linker generated]):
    zerobss.o                 zerobss.s(8)
__CODE_LOAD__ ([linker generated]):
__CODE_RUN__ ([linker generated]):
__CODE_SIZE__ ([linker generated]):
__CONSTRUCTOR_COUNT__ ([linker generated]):
    condes.o                  condes.s(18)
__CONSTRUCTOR_TABLE__ ([linker generated]):
    condes.o                  condes.s(18)
__DATA_LOAD__ ([linker generated]):
    copydata.o                copydata.s(8)
__DATA_RUN__ ([linker generated]):
    copydata.o                copydata.s(8)
__DATA_SIZE__ ([linker generated]):
    copydata.o                copydata.s(8)
__DESTRUCTOR_COUNT__ ([linker generated]):
    condes.o                  condes.s(19)
__DESTRUCTOR_TABLE__ ([linker generated]):
    condes.o                  condes.s(19)
__INIT_LOAD__ ([linker generated]):
__INIT_RUN__ ([linker generated]):
__INIT_SIZE__ ([linker generated]):
__RAM_LAST__ ([linker generated]):
__RAM_SIZE__ ([linker generated]):
__RAM_START__ ([linker generated]):
__RODATA_LOAD__ ([linker generated]):
__RODATA_RUN__ ([linker generated]):
__RODATA_SIZE__ ([linker generated]):
__ROM0_LAST__ ([linker generated]):
__ROM0_SIZE__ ([linker generated]):
__ROM0_START__ ([linker generated]):
__SRAM_LAST__ ([linker generated]):
__SRAM_SIZE__ ([linker generated]):
    crt0.o                    crt0.s(16)
__SRAM_START__ ([linker generated]):
    crt0.o                    crt0.s(16)
__STACKSIZE__ ([linker generated]):
__STARTUP_LOAD__ ([linker generated]):
__STARTUP_RUN__ ([linker generated]):
__STARTUP_SIZE__ ([linker generated]):
__STARTUP__ (crt0.o):
    test.o                    test.s(12)
__ZP_LAST__ ([linker generated]):
__ZP_SIZE__ ([linker generated]):
__ZP_START__ ([linker generated]):
__argc (callmain.o):
__argv (callmain.o):
_exit (crt0.o):
_main (test.o):
    callmain.o                callmain.s(11)
_nsd_div192 (nsd_math.o):
    nsd_snd.o                 nsd_snd.s(12)
_nsd_init (nsd_func.o):
    test.o                    test.s(15)
_nsd_main (nsd_main.o):
    test.o                    test.s(14)
_nsd_mul (nsd_math.o):
    nsd_env.o                 nsd_env.s(9)
_nsd_play_bgm (nsd_func.o):
    test.o                    test.s(16)
_nsd_snd_frequency (nsd_snd.o):
    nsd_env.o                 nsd_env.s(8)
_nsd_snd_init (nsd_snd.o):
    nsd_func.o                nsd_func.s(10)
_nsd_snd_keyoff (nsd_snd.o):
    nsd_seq.o                 nsd_seq.s(7)
_nsd_snd_keyon (nsd_snd.o):
    nsd_seq.o                 nsd_seq.s(6)
_nsd_snd_sweep (nsd_snd.o):
    nsd_seq.o                 nsd_seq.s(8)
_nsd_snd_voice (nsd_snd.o):
    nsd_env.o                 nsd_env.s(6)
_nsd_snd_volume (nsd_snd.o):
    nsd_env.o                 nsd_env.s(7)
_nsd_stop_bgm (nsd_func.o):
_nsd_stop_se (nsd_func.o):
_waitvblank (waitvblank.o):
    test.o                    test.s(13)
callmain (callmain.o):
    crt0.o                    crt0.s(10)
condes (condes.o):
copydata (copydata.o):
    crt0.o                    crt0.s(11)
donelib (condes.o):
    crt0.o                    crt0.s(10)
initlib (condes.o):
    crt0.o                    crt0.s(10)
nsd_envelop (nsd_env.o):
    nsd_main.o                nsd_main.s(10)
nsd_sequence (nsd_seq.o):
    nsd_main.o                nsd_main.s(9)
nsd_work (nsd_work.o):
    nsd_snd.o                 nsd_snd.s(14)
    nsd_env.o                 nsd_env.s(10)
    nsd_seq.o                 nsd_seq.s(9)
    nsd_func.o                nsd_func.s(11)
nsd_work_zp (nsd_work.o):
    nsd_math.o                nsd_math.s(7)
    nsd_snd.o                 nsd_snd.s(15)
    nsd_env.o                 nsd_env.s(11)
    nsd_seq.o                 nsd_seq.s(10)
    nsd_main.o                nsd_main.s(6)
    nsd_func.o                nsd_func.s(12)
ppubuf_flush (ppubuf.o):
    crt0.o                    crt0.s(12)
ppubuf_put (ppubuf.o):
ppubuf_wait (ppubuf.o):
ppubuf_waitempty (ppubuf.o):
ptr1 (zeropage.o):
    zerobss.o                 zerobss.s(9)
    copydata.o                copydata.s(9)
ptr2 (zeropage.o):
    copydata.o                copydata.s(9)
ptr3 (zeropage.o):
ptr4 (zeropage.o):
push0 (pushax.o):
pusha0 (pushax.o):
pushax (pushax.o):
    callmain.o                callmain.s(11)
regbank (zeropage.o):
regsave (zeropage.o):
sp (zeropage.o):
    pushax.o                  pushax.s(8)
    crt0.o                    ../../asminc/zeropage.inc(11)
sreg (zeropage.o):
tmp1 (zeropage.o):
    copydata.o                copydata.s(9)
tmp2 (zeropage.o):
tmp3 (zeropage.o):
tmp4 (zeropage.o):
zerobss (zerobss.o):
    crt0.o                    crt0.s(11)

